Component: Arm Compiler for Embedded 6.18 Tool: armlink [5e4cc100]

==============================================================================

Section Cross References

    startup_stm32f030x6.o(STACK) refers (Special) to heapauxi.o(.text) for __use_two_region_memory
    startup_stm32f030x6.o(HEAP) refers (Special) to heapauxi.o(.text) for __use_two_region_memory
    startup_stm32f030x6.o(RESET) refers (Special) to heapauxi.o(.text) for __use_two_region_memory
    startup_stm32f030x6.o(RESET) refers to startup_stm32f030x6.o(STACK) for __initial_sp
    startup_stm32f030x6.o(RESET) refers to startup_stm32f030x6.o(.text) for Reset_Handler
    startup_stm32f030x6.o(RESET) refers to lto-llvm-77f420.o(.text.NMI_Handler) for NMI_Handler
    startup_stm32f030x6.o(RESET) refers to lto-llvm-77f420.o(.text.HardFault_Handler) for HardFault_Handler
    startup_stm32f030x6.o(RESET) refers to lto-llvm-77f420.o(.text.SVC_Handler) for SVC_Handler
    startup_stm32f030x6.o(RESET) refers to lto-llvm-77f420.o(.text.PendSV_Handler) for PendSV_Handler
    startup_stm32f030x6.o(RESET) refers to lto-llvm-77f420.o(.text.SysTick_Handler) for SysTick_Handler
    startup_stm32f030x6.o(RESET) refers to lto-llvm-77f420.o(.text.EXTI2_3_IRQHandler) for EXTI2_3_IRQHandler
    startup_stm32f030x6.o(RESET) refers to lto-llvm-77f420.o(.text.DMA1_Channel2_3_IRQHandler) for DMA1_Channel2_3_IRQHandler
    startup_stm32f030x6.o(RESET) refers to lto-llvm-77f420.o(.text.USART1_IRQHandler) for USART1_IRQHandler
    startup_stm32f030x6.o(.text) refers (Special) to heapauxi.o(.text) for __use_two_region_memory
    startup_stm32f030x6.o(.text) refers to lto-llvm-77f420.o(.text.SystemInit) for SystemInit
    startup_stm32f030x6.o(.text) refers to __main.o(!!!main) for __main
    startup_stm32f030x6.o(.text) refers to startup_stm32f030x6.o(HEAP) for Heap_Mem
    startup_stm32f030x6.o(.text) refers to startup_stm32f030x6.o(STACK) for Stack_Mem
    __main.o(!!!main) refers to __rtentry.o(.ARM.Collect$$rtentry$$00000000) for __rt_entry
    __rtentry.o(.ARM.Collect$$rtentry$$00000000) refers (Special) to __rtentry2.o(.ARM.Collect$$rtentry$$0000000A) for __rt_entry_li
    __rtentry.o(.ARM.Collect$$rtentry$$00000000) refers (Special) to __rtentry2.o(.ARM.Collect$$rtentry$$0000000D) for __rt_entry_main
    __rtentry.o(.ARM.Collect$$rtentry$$00000000) refers (Special) to __rtentry2.o(.ARM.Collect$$rtentry$$0000000C) for __rt_entry_postli_1
    __rtentry.o(.ARM.Collect$$rtentry$$00000000) refers (Special) to __rtentry2.o(.ARM.Collect$$rtentry$$00000009) for __rt_entry_postsh_1
    __rtentry.o(.ARM.Collect$$rtentry$$00000000) refers (Special) to __rtentry2.o(.ARM.Collect$$rtentry$$00000002) for __rt_entry_presh_1
    __rtentry.o(.ARM.Collect$$rtentry$$00000000) refers (Special) to __rtentry4.o(.ARM.Collect$$rtentry$$00000004) for __rt_entry_sh
    __rtentry2.o(.ARM.Collect$$rtentry$$00000008) refers to boardinit2.o(.text) for _platform_post_stackheap_init
    __rtentry2.o(.ARM.Collect$$rtentry$$0000000A) refers to libinit.o(.ARM.Collect$$libinit$$00000000) for __rt_lib_init
    __rtentry2.o(.ARM.Collect$$rtentry$$0000000B) refers to boardinit3.o(.text) for _platform_post_lib_init
    __rtentry2.o(.ARM.Collect$$rtentry$$0000000D) refers to lto-llvm-77f420.o(.text.main) for main
    __rtentry2.o(.ARM.Collect$$rtentry$$0000000D) refers to exit.o(.text) for exit
    __rtentry2.o(.ARM.exidx) refers to __rtentry2.o(.ARM.Collect$$rtentry$$00000001) for .ARM.Collect$$rtentry$$00000001
    __rtentry2.o(.ARM.exidx) refers to __rtentry2.o(.ARM.Collect$$rtentry$$00000008) for .ARM.Collect$$rtentry$$00000008
    __rtentry2.o(.ARM.exidx) refers to __rtentry2.o(.ARM.Collect$$rtentry$$0000000A) for .ARM.Collect$$rtentry$$0000000A
    __rtentry2.o(.ARM.exidx) refers to __rtentry2.o(.ARM.Collect$$rtentry$$0000000B) for .ARM.Collect$$rtentry$$0000000B
    __rtentry2.o(.ARM.exidx) refers to __rtentry2.o(.ARM.Collect$$rtentry$$0000000D) for .ARM.Collect$$rtentry$$0000000D
    __rtentry4.o(.ARM.Collect$$rtentry$$00000004) refers to sys_stackheap_outer.o(.text) for __user_setup_stackheap
    __rtentry4.o(.ARM.exidx) refers to __rtentry4.o(.ARM.Collect$$rtentry$$00000004) for .ARM.Collect$$rtentry$$00000004
    sys_stackheap_outer.o(.text) refers to libspace.o(.text) for __user_perproc_libspace
    sys_stackheap_outer.o(.text) refers to startup_stm32f030x6.o(.text) for __user_initial_stackheap
    sys_stackheap_outer.o(__vectab_stack_and_reset_area) refers to tempstk.o(.text) for __temporary_stack_top
    sys_stackheap_outer.o(__vectab_stack_and_reset_area) refers to __main.o(!!!main) for __main
    exit.o(.text) refers to rtexit.o(.ARM.Collect$$rtexit$$00000000) for __rt_exit
    libinit.o(.ARM.Collect$$libinit$$00000000) refers (Special) to libinit2.o(.ARM.Collect$$libinit$$00000030) for __rt_lib_init_alloca_1
    libinit.o(.ARM.Collect$$libinit$$00000000) refers (Special) to libinit2.o(.ARM.Collect$$libinit$$0000002E) for __rt_lib_init_argv_1
[...]


==============================================================================

Removing Unused input sections from the image.

    Removing lto-llvm-77f420.o(.text), (0 bytes).
    Removing lto-llvm-77f420.o(.ARM.exidx.text.uart_tx_exchange), (8 bytes).
    Removing lto-llvm-77f420.o(.ARM.exidx.text.HAL_UART_TxCpltCallback), (8 bytes).
    Removing lto-llvm-77f420.o(.ARM.exidx.text.HAL_UARTEx_RxEventCallback), (8 bytes).
    Removing lto-llvm-77f420.o(.ARM.exidx.text.uart_send_packet), (8 bytes).
    Removing lto-llvm-77f420.o(.ARM.exidx.text.nrf24l01_init), (8 bytes).
    Removing lto-llvm-77f420.o(.ARM.exidx.text.handle_uart_command), (8 bytes).
    Removing lto-llvm-77f420.o(.ARM.exidx.text.__NVIC_SystemReset), (8 bytes).
    Removing lto-llvm-77f420.o(.ARM.exidx.text.USART_BRR_Configuration), (8 bytes).
    Removing lto-llvm-77f420.o(.ARM.exidx.text.nrf_tx_callback), (8 bytes).
    Removing lto-llvm-77f420.o(.ARM.exidx.text.main), (8 bytes).
    Removing lto-llvm-77f420.o(.ARM.exidx.text.Error_Handler), (8 bytes).
    Removing lto-llvm-77f420.o(.ARM.exidx.text.NMI_Handler), (8 bytes).
    Removing lto-llvm-77f420.o(.ARM.exidx.text.HardFault_Handler), (8 bytes).
    Removing lto-llvm-77f420.o(.ARM.exidx.text.SVC_Handler), (8 bytes).
    Removing lto-llvm-77f420.o(.ARM.exidx.text.PendSV_Handler), (8 bytes).
    Removing lto-llvm-77f420.o(.ARM.exidx.text.SysTick_Handler), (8 bytes).
    Removing lto-llvm-77f420.o(.ARM.exidx.text.EXTI2_3_IRQHandler), (8 bytes).
    Removing lto-llvm-77f420.o(.ARM.exidx.text.DMA1_Channel2_3_IRQHandler), (8 bytes).
    Removing lto-llvm-77f420.o(.ARM.exidx.text.USART1_IRQHandler), (8 bytes).
    Removing lto-llvm-77f420.o(.ARM.exidx.text.HAL_RCC_GetSysClockFreq), (8 bytes).
    Removing lto-llvm-77f420.o(.ARM.exidx.text.HAL_RCC_GetPCLK1Freq), (8 bytes).
    Removing lto-llvm-77f420.o(.ARM.exidx.text.HAL_InitTick), (8 bytes).
    Removing lto-llvm-77f420.o(.ARM.exidx.text.HAL_Delay), (8 bytes).
    Removing lto-llvm-77f420.o(.ARM.exidx.text.HAL_GPIO_Init), (8 bytes).
    Removing lto-llvm-77f420.o(.ARM.exidx.text.HAL_DMA_Init), (8 bytes).
    Removing lto-llvm-77f420.o(.ARM.exidx.text.HAL_DMA_Start_IT), (8 bytes).
    Removing lto-llvm-77f420.o(.ARM.exidx.text.HAL_DMA_IRQHandler), (8 bytes).
    Removing lto-llvm-77f420.o(.ARM.exidx.text.FLASH_WaitForLastOperation), (8 bytes).
    Removing lto-llvm-77f420.o(.ARM.exidx.text.HAL_FLASH_Unlock), (8 bytes).
    Removing lto-llvm-77f420.o(.ARM.exidx.text.HAL_SPI_Transmit), (8 bytes).
    Removing lto-llvm-77f420.o(.ARM.exidx.text.SPI_EndRxTxTransaction), (8 bytes).
    Removing lto-llvm-77f420.o(.ARM.exidx.text.SPI_WaitFifoStateUntilTimeout), (8 bytes).
    Removing lto-llvm-77f420.o(.ARM.exidx.text.SPI_WaitFlagStateUntilTimeout), (8 bytes).
    Removing lto-llvm-77f420.o(.ARM.exidx.text.HAL_SPI_Receive), (8 bytes).
    Removing lto-llvm-77f420.o(.ARM.exidx.text.HAL_SPI_TransmitReceive), (8 bytes).
    Removing lto-llvm-77f420.o(.ARM.exidx.text.UART_WaitOnFlagUntilTimeout), (8 bytes).
    Removing lto-llvm-77f420.o(.ARM.exidx.text.UART_EndRxTransfer), (8 bytes).
    Removing lto-llvm-77f420.o(.ARM.exidx.text.UART_DMATransmitCplt), (8 bytes).
    Removing lto-llvm-77f420.o(.ARM.exidx.text.UART_DMATxHalfCplt), (8 bytes).
    Removing lto-llvm-77f420.o(.ARM.exidx.text.UART_DMAError), (8 bytes).
    Removing lto-llvm-77f420.o(.ARM.exidx.text.UART_DMAReceiveCplt), (8 bytes).
    Removing lto-llvm-77f420.o(.ARM.exidx.text.UART_DMARxHalfCplt), (8 bytes).
    Removing lto-llvm-77f420.o(.ARM.exidx.text.UART_DMAAbortOnError), (8 bytes).
    Removing lto-llvm-77f420.o(.ARM.exidx.text.HAL_UARTEx_ReceiveToIdle_DMA), (8 bytes).
    Removing lto-llvm-77f420.o(.ARM.exidx.text.SystemInit), (8 bytes).
    Removing lto-llvm-77f420.o(.ARM.exidx.text.nrf24l01p_rx_mode), (8 bytes).
    Removing lto-llvm-77f420.o(.ARM.exidx.text.read_register), (8 bytes).
    Removing lto-llvm-77f420.o(.ARM.exidx.text.write_register), (8 bytes).
    Removing lto-llvm-77f420.o(.ARM.exidx.text.write_register_multi), (8 bytes).
    Removing lto-llvm-77f420.o(.ARM.exidx.text.nrf24l01p_get_fifo_status), (8 bytes).
    Removing lto-llvm-77f420.o(.ARM.exidx.text.nrf24l01p_flush_tx_fifo), (8 bytes).
    Removing lto-llvm-77f420.o(.ARM.exidx.text.nrf24l01p_clear_max_rt), (8 bytes).
    Removing lto-llvm-77f420.o(.ARM.exidx.text.nrf24l01p_clear_tx_ds), (8 bytes).
    Removing lto-llvm-77f420.o(.ARM.exidx.text.nrf24l01p_get_status), (8 bytes).
    Removing lto-llvm-77f420.o(.ARM.exidx.text.block_err), (8 bytes).
    Removing lto-llvm-77f420.o(.ARM.exidx.text.init_block), (8 bytes).
    Removing lto-llvm-77f420.o(.ARM.exidx.text.mf_erase), (8 bytes).
    Removing lto-llvm-77f420.o(.ARM.exidx.text.mf_write), (8 bytes).
    Removing lto-llvm-77f420.o(.ARM.exidx.text.init_temp), (8 bytes).
    Removing lto-llvm-77f420.o(.ARM.exidx.text.block_calc_sumcheck), (8 bytes).
    Removing lto-llvm-77f420.o(.ARM.exidx.text.mf_save), (8 bytes).
    Removing lto-llvm-77f420.o(.ARM.exidx.text.mf_purge), (8 bytes).
    Removing lto-llvm-77f420.o(.ARM.exidx.text.get_next_key), (8 bytes).
    Removing lto-llvm-77f420.o(.ARM.exidx.text.mf_add_key), (8 bytes).
    Removing lto-llvm-77f420.o(.ARM.exidx.text.find_key), (8 bytes).
    Removing lto-llvm-77f420.o(.ARM.exidx.text.find_last_key), (8 bytes).
    Removing lto-llvm-77f420.o(.ARM.exidx.text.mf_set_key), (8 bytes).
    Removing lto-llvm-77f420.o(.ARM.exidx.text.mf_sync_key), (8 bytes).
    Removing lto-llvm-77f420.o(.ARM.exidx.text.LFBB_WriteAcquireAlt), (8 bytes).
    Removing lto-llvm-77f420.o(.ARM.exidx.text.LFBB_WriteRelease), (8 bytes).
    Removing lto-llvm-77f420.o(.ARM.exidx.text.LFBB_ReadAcquire), (8 bytes).
    Removing lto-llvm-77f420.o(.ARM.exidx.text.LFBB_ReadRelease), (8 bytes).
    Removing lto-llvm-77f420.o(.ARM.exidx.text.EE_PageAddress), (8 bytes).
    Removing lto-llvm-77f420.o(.ARM.use_no_argv), (4 bytes).

75 unused section(s) (total 588 bytes) removed from the image.

==============================================================================

Image Symbol Table

    Local Symbols

    Symbol Name                              Value     Ov Type        Size  Object(Section)

    ../clib/angel/boardlib.s                 0x00000000   Number         0  boardinit1.o ABSOLUTE
    ../clib/angel/boardlib.s                 0x00000000   Number         0  boardinit2.o ABSOLUTE
    ../clib/angel/boardlib.s                 0x00000000   Number         0  boardinit3.o ABSOLUTE
    ../clib/angel/boardlib.s                 0x00000000   Number         0  boardshut.o ABSOLUTE
    ../clib/angel/handlers.s                 0x00000000   Number         0  __scatter_copy.o ABSOLUTE
    ../clib/angel/handlers.s                 0x00000000   Number         0  __scatter_zi.o ABSOLUTE
    ../clib/angel/kernel.s                   0x00000000   Number         0  __rtentry.o ABSOLUTE
    ../clib/angel/kernel.s                   0x00000000   Number         0  __rtentry2.o ABSOLUTE
    ../clib/angel/kernel.s                   0x00000000   Number         0  __rtentry4.o ABSOLUTE
    ../clib/angel/kernel.s                   0x00000000   Number         0  rtexit.o ABSOLUTE
    ../clib/angel/kernel.s                   0x00000000   Number         0  rtexit2.o ABSOLUTE
    ../clib/angel/rt.s                       0x00000000   Number         0  rt_raise.o ABSOLUTE
    ../clib/angel/rt.s                       0x00000000   Number         0  aeabi_idiv0.o ABSOLUTE
    ../clib/angel/rt.s                       0x00000000   Number         0  aeabi_idiv0_sigfpe.o ABSOLUTE
    ../clib/angel/rt.s                       0x00000000   Number         0  rt_div0.o ABSOLUTE
    ../clib/angel/scatterp.s                 0x00000000   Number         0  __scatter.o ABSOLUTE
    ../clib/angel/startup.s                  0x00000000   Number         0  __main.o ABSOLUTE
    ../clib/angel/sys.s                      0x00000000   Number         0  sys_stackheap_outer.o ABSOLUTE
    ../clib/angel/sys.s                      0x00000000   Number         0  libspace.o ABSOLUTE
    ../clib/angel/sys.s                      0x00000000   Number         0  tempstk.o ABSOLUTE
    ../clib/angel/sys.s                      0x00000000   Number         0  use_no_semi.o ABSOLUTE
    ../clib/angel/sys.s                      0x00000000   Number         0  indicate_semi.o ABSOLUTE
    ../clib/angel/sysapp.c                   0x00000000   Number         0  sys_exit.o ABSOLUTE
    ../clib/angel/sysapp.c                   0x00000000   Number         0  sys_exit_hlt.o ABSOLUTE
    ../clib/angel/sysapp.c                   0x00000000   Number         0  sys_command.o ABSOLUTE
    ../clib/angel/sysapp.c                   0x00000000   Number         0  sys_command_hlt.o ABSOLUTE
    ../clib/angel/sysapp.c                   0x00000000   Number         0  sys_wrch.o ABSOLUTE
    ../clib/angel/sysapp.c                   0x00000000   Number         0  sys_wrch_hlt.o ABSOLUTE
    ../clib/armsys.c                         0x00000000   Number         0  argv_veneer.o ABSOLUTE
    ../clib/armsys.c                         0x00000000   Number         0  _get_argv_nomalloc.o ABSOLUTE
    ../clib/armsys.c                         0x00000000   Number         0  no_argv.o ABSOLUTE
    ../clib/division.s                       0x00000000   Number         0  aeabi_sdiv.o ABSOLUTE
    ../clib/division.s                       0x00000000   Number         0  aeabi_sdiv_div0.o ABSOLUTE
    ../clib/heapalloc.c                      0x00000000   Number         0  hrguard.o ABSOLUTE
    ../clib/heapaux.c                        0x00000000   Number         0  heapauxi.o ABSOLUTE
    ../clib/libinit.s                        0x00000000   Number         0  libinit.o ABSOLUTE
    ../clib/libinit.s                        0x00000000   Number         0  libinit2.o ABSOLUTE
    ../clib/libinit.s                        0x00000000   Number         0  libshutdown.o ABSOLUTE
    ../clib/libinit.s                        0x00000000   Number         0  libshutdown2.o ABSOLUTE
    ../clib/longlong.c                       0x00000000   Number         0  llushr.o ABSOLUTE
    ../clib/memcpset.c                       0x00000000   Number         0  rt_memcpy.o ABSOLUTE
    ../clib/memcpset.c                       0x00000000   Number         0  rt_memcpy.o ABSOLUTE
    ../clib/memcpset.c                       0x00000000   Number         0  rt_memmove.o ABSOLUTE
    ../clib/memcpset.c                       0x00000000   Number         0  aeabi_memset.o ABSOLUTE
    ../clib/memcpset.c                       0x00000000   Number         0  aeabi_memset4.o ABSOLUTE
    ../clib/memcpset.c                       0x00000000   Number         0  rt_memclr.o ABSOLUTE
    ../clib/signal.c                         0x00000000   Number         0  defsig_rtmem_outer.o ABSOLUTE
    ../clib/signal.c                         0x00000000   Number         0  defsig_rtmem_formal.o ABSOLUTE
    ../clib/signal.c                         0x00000000   Number         0  defsig_exit.o ABSOLUTE
    ../clib/signal.c                         0x00000000   Number         0  defsig_rtmem_inner.o ABSOLUTE
    ../clib/signal.c                         0x00000000   Number         0  __raise.o ABSOLUTE
    ../clib/signal.c                         0x00000000   Number         0  defsig_general.o ABSOLUTE
    ../clib/signal.c                         0x00000000   Number         0  defsig_abrt_inner.o ABSOLUTE
    ../clib/signal.c                         0x00000000   Number         0  defsig_fpe_inner.o ABSOLUTE
    ../clib/signal.c                         0x00000000   Number         0  defsig_rtred_inner.o ABSOLUTE
    ../clib/signal.c                         0x00000000   Number         0  defsig_stak_inner.o ABSOLUTE
    ../clib/signal.c                         0x00000000   Number         0  defsig_pvfn_inner.o ABSOLUTE
    ../clib/signal.c                         0x00000000   Number         0  defsig_cppl_inner.o ABSOLUTE
    ../clib/signal.c                         0x00000000   Number         0  defsig_segv_inner.o ABSOLUTE
    ../clib/signal.c                         0x00000000   Number         0  defsig_other.o ABSOLUTE
    ../clib/signal.c                         0x00000000   Number         0  defsig_fpe_outer.o ABSOLUTE
    ../clib/signal.c                         0x00000000   Number         0  defsig_fpe_formal.o ABSOLUTE
    ../clib/signal.s                         0x00000000   Number         0  defsig.o ABSOLUTE
    ../clib/stdlib.c                         0x00000000   Number         0  exit.o ABSOLUTE
    ../clib/string.c                         0x00000000   Number         0  strlen.o ABSOLUTE
    ../clib/string.c                         0x00000000   Number         0  strcmp.o ABSOLUTE
    ../fplib/cfplib/fpinit.c                 0x00000000   Number         0  fpinit.o ABSOLUTE
    dc.s                                     0x00000000   Number         0  dc.o ABSOLUTE
    ld-temp.o                                0x00000000   Number         0  lto-llvm-77f420.o ABSOLUTE
    startup_stm32f030x6.s                    0x00000000   Number         0  startup_stm32f030x6.o ABSOLUTE
    RESET                                    0x08000000   Section      176  startup_stm32f030x6.o(RESET)
    !!!main                                  0x080000b0   Section        8  __main.o(!!!main)
    !!!scatter                               0x080000b8   Section       60  __scatter.o(!!!scatter)
    !!handler_copy                           0x080000f4   Section       26  __scatter_copy.o(!!handler_copy)
    !!handler_zi                             0x08000110   Section       28  __scatter_zi.o(!!handler_zi)
    .ARM.Collect$$libinit$$00000000          0x0800012c   Section        2  libinit.o(.ARM.Collect$$libinit$$00000000)
    .ARM.Collect$$libinit$$00000002          0x0800012e   Section        0  libinit2.o(.ARM.Collect$$libinit$$00000002)
    .ARM.Collect$$libinit$$00000004          0x0800012e   Section        0  libinit2.o(.ARM.Collect$$libinit$$00000004)
    .ARM.Collect$$libinit$$00000006          0x0800012e   Section        0  libinit2.o(.ARM.Collect$$libinit$$00000006)
    .ARM.Collect$$libinit$$0000000C          0x0800012e   Section        0  libinit2.o(.ARM.Collect$$libinit$$0000000C)
    .ARM.Collect$$libinit$$0000000E          0x0800012e   Section        0  libinit2.o(.ARM.Collect$$libinit$$0000000E)
    .ARM.Collect$$libinit$$00000010          0x0800012e   Section        0  libinit2.o(.ARM.Collect$$libinit$$00000010)
    .ARM.Collect$$libinit$$00000013          0x0800012e   Section        0  libinit2.o(.ARM.Collect$$libinit$$00000013)
    .ARM.Collect$$libinit$$00000015          0x0800012e   Section        0  libinit2.o(.ARM.Collect$$libinit$$00000015)
    .ARM.Collect$$libinit$$00000017          0x0800012e   Section        0  libinit2.o(.ARM.Collect$$libinit$$00000017)
    .ARM.Collect$$libinit$$00000019          0x0800012e   Section        0  libinit2.o(.ARM.Collect$$libinit$$00000019)
    .ARM.Collect$$libinit$$0000001B          0x0800012e   Section        0  libinit2.o(.ARM.Collect$$libinit$$0000001B)
    .ARM.Collect$$libinit$$0000001D          0x0800012e   Section        0  libinit2.o(.ARM.Collect$$libinit$$0000001D)
    .ARM.Collect$$libinit$$0000001F          0x0800012e   Section        0  libinit2.o(.ARM.Collect$$libinit$$0000001F)
    .ARM.Collect$$libinit$$00000021          0x0800012e   Section        0  libinit2.o(.ARM.Collect$$libinit$$00000021)
    .ARM.Collect$$libinit$$00000023          0x0800012e   Section        0  libinit2.o(.ARM.Collect$$libinit$$00000023)
    .ARM.Collect$$libinit$$00000025          0x0800012e   Section        0  libinit2.o(.ARM.Collect$$libinit$$00000025)
    .ARM.Collect$$libinit$$00000027          0x0800012e   Section        0  libinit2.o(.ARM.Collect$$libinit$$00000027)
    .ARM.Collect$$libinit$$0000002E          0x0800012e   Section        0  libinit2.o(.ARM.Collect$$libinit$$0000002E)
    .ARM.Collect$$libinit$$00000030          0x0800012e   Section        0  libinit2.o(.ARM.Collect$$libinit$$00000030)
    .ARM.Collect$$libinit$$00000032          0x0800012e   Section        0  libinit2.o(.ARM.Collect$$libinit$$00000032)
    .ARM.Collect$$libinit$$00000034          0x0800012e   Section        0  libinit2.o(.ARM.Collect$$libinit$$00000034)
    .ARM.Collect$$libinit$$00000035          0x0800012e   Section        2  libinit2.o(.ARM.Collect$$libinit$$00000035)
    .ARM.Collect$$libshutdown$$00000000      0x08000130   Section        2  libshutdown.o(.ARM.Collect$$libshutdown$$00000000)
    .ARM.Collect$$libshutdown$$00000002      0x08000132   Section        0  libshutdown2.o(.ARM.Collect$$libshutdown$$00000002)
    .ARM.Collect$$libshutdown$$00000004      0x08000132   Section        0  libshutdown2.o(.ARM.Collect$$libshutdown$$00000004)
    .ARM.Collect$$libshutdown$$00000007      0x08000132   Section        0  libshutdown2.o(.ARM.Collect$$libshutdown$$00000007)
    .ARM.Collect$$libshutdown$$0000000A      0x08000132   Section        0  libshutdown2.o(.ARM.Collect$$libshutdown$$0000000A)
    .ARM.Collect$$libshutdown$$0000000C      0x08000132   Section        0  libshutdown2.o(.ARM.Collect$$libshutdown$$0000000C)
    .ARM.Collect$$libshutdown$$0000000F      0x08000132   Section        0  libshutdown2.o(.ARM.Collect$$libshutdown$$0000000F)
    .ARM.Collect$$libshutdown$$00000010      0x08000132   Section        2  libshutdown2.o(.ARM.Collect$$libshutdown$$00000010)
    .ARM.Collect$$rtentry$$00000000          0x08000134   Section        0  __rtentry.o(.ARM.Collect$$rtentry$$00000000)
    .ARM.Collect$$rtentry$$00000002          0x08000134   Section        0  __rtentry2.o(.ARM.Collect$$rtentry$$00000002)
    .ARM.Collect$$rtentry$$00000004          0x08000134   Section        6  __rtentry4.o(.ARM.Collect$$rtentry$$00000004)
    .ARM.Collect$$rtentry$$00000009          0x0800013a   Section        0  __rtentry2.o(.ARM.Collect$$rtentry$$00000009)
    .ARM.Collect$$rtentry$$0000000A          0x0800013a   Section        4  __rtentry2.o(.ARM.Collect$$rtentry$$0000000A)
    .ARM.Collect$$rtentry$$0000000C          0x0800013e   Section        0  __rtentry2.o(.ARM.Collect$$rtentry$$0000000C)
    .ARM.Collect$$rtentry$$0000000D          0x0800013e   Section        8  __rtentry2.o(.ARM.Collect$$rtentry$$0000000D)
    .ARM.Collect$$rtexit$$00000000           0x08000146   Section        2  rtexit.o(.ARM.Collect$$rtexit$$00000000)
    .ARM.Collect$$rtexit$$00000002           0x08000148   Section        0  rtexit2.o(.ARM.Collect$$rtexit$$00000002)
    .ARM.Collect$$rtexit$$00000003           0x08000148   Section        4  rtexit2.o(.ARM.Collect$$rtexit$$00000003)
    .ARM.Collect$$rtexit$$00000004           0x0800014c   Section        6  rtexit2.o(.ARM.Collect$$rtexit$$00000004)
    .emb_text                                0x08000154   Section       56  rt_memcpy.o(.emb_text)
    .text                                    0x0800018c   Section       56  startup_stm32f030x6.o(.text)
    .text                                    0x080001c4   Section        0  strlen.o(.text)
    .text                                    0x08000208   Section        0  strcmp.o(.text)
    .text                                    0x08000290   Section        0  heapauxi.o(.text)
    .text                                    0x08000296   Section       62  sys_stackheap_outer.o(.text)
    .text                                    0x080002d4   Section        0  exit.o(.text)
    .text                                    0x080002e4   Section        8  libspace.o(.text)
    .text                                    0x080002ec   Section        0  sys_exit.o(.text)
    .text                                    0x080002f8   Section        2  use_no_semi.o(.text)
    .text                                    0x080002fa   Section        0  indicate_semi.o(.text)
    .text                                    0x080002fa   Section        0  llushr.o(.text)
    .text                                    0x0800031c   Section        0  rt_memcpy.o(.text)
    .text                                    0x0800039e   Section        0  rt_memmove.o(.text)
    .text                                    0x08000434   Section        0  aeabi_memset.o(.text)
    .text                                    0x08000446   Section        0  aeabi_memset4.o(.text)
    .text                                    0x08000458   Section        0  rt_memclr.o(.text)
    .text                                    0x08000498   Section      364  aeabi_sdiv.o(.text)
    [Anonymous Symbol]                       0x08000604   Section        0  lto-llvm-77f420.o(.text.DMA1_Channel2_3_IRQHandler)
    __arm_cp.17_0                            0x08000614   Number         4  lto-llvm-77f420.o(.text.DMA1_Channel2_3_IRQHandler)
    __arm_cp.17_1                            0x08000618   Number         4  lto-llvm-77f420.o(.text.DMA1_Channel2_3_IRQHandler)
    EE_PageAddress                           0x0800061d   Thumb Code    28  lto-llvm-77f420.o(.text.EE_PageAddress)
    [Anonymous Symbol]                       0x0800061c   Section        0  lto-llvm-77f420.o(.text.EE_PageAddress)
    __arm_cp.72_0                            0x08000638   Number         4  lto-llvm-77f420.o(.text.EE_PageAddress)
    [Anonymous Symbol]                       0x0800063c   Section        0  lto-llvm-77f420.o(.text.EXTI2_3_IRQHandler)
    __arm_cp.16_0                            0x080006fc   Number         4  lto-llvm-77f420.o(.text.EXTI2_3_IRQHandler)
    __arm_cp.16_2                            0x08000700   Number         4  lto-llvm-77f420.o(.text.EXTI2_3_IRQHandler)
    __arm_cp.16_3                            0x08000704   Number         4  lto-llvm-77f420.o(.text.EXTI2_3_IRQHandler)
    Error_Handler                            0x08000709   Thumb Code     8  lto-llvm-77f420.o(.text.Error_Handler)
    [Anonymous Symbol]                       0x08000708   Section        0  lto-llvm-77f420.o(.text.Error_Handler)
    FLASH_WaitForLastOperation               0x08000711   Thumb Code   104  lto-llvm-77f420.o(.text.FLASH_WaitForLastOperation)
    [Anonymous Symbol]                       0x08000710   Section        0  lto-llvm-77f420.o(.text.FLASH_WaitForLastOperation)
    __arm_cp.27_1                            0x08000778   Number         4  lto-llvm-77f420.o(.text.FLASH_WaitForLastOperation)
    __arm_cp.27_2                            0x0800077c   Number         4  lto-llvm-77f420.o(.text.FLASH_WaitForLastOperation)
    __arm_cp.27_3                            0x08000780   Number         4  lto-llvm-77f420.o(.text.FLASH_WaitForLastOperation)
    HAL_DMA_IRQHandler                       0x08000785   Thumb Code   140  lto-llvm-77f420.o(.text.HAL_DMA_IRQHandler)
    [Anonymous Symbol]                       0x08000784   Section        0  lto-llvm-77f420.o(.text.HAL_DMA_IRQHandler)
    HAL_DMA_Init                             0x08000811   Thumb Code   108  lto-llvm-77f420.o(.text.HAL_DMA_Init)
    [Anonymous Symbol]                       0x08000810   Section        0  lto-llvm-77f420.o(.text.HAL_DMA_Init)
    __arm_cp.24_0                            0x0800087c   Number         4  lto-llvm-77f420.o(.text.HAL_DMA_Init)
    __arm_cp.24_1                            0x08000880   Number         4  lto-llvm-77f420.o(.text.HAL_DMA_Init)
    __arm_cp.24_2                            0x08000884   Number         4  lto-llvm-77f420.o(.text.HAL_DMA_Init)
    HAL_DMA_Start_IT                         0x08000889   Thumb Code   124  lto-llvm-77f420.o(.text.HAL_DMA_Start_IT)
    [Anonymous Symbol]                       0x08000888   Section        0  lto-llvm-77f420.o(.text.HAL_DMA_Start_IT)
    HAL_Delay                                0x08000905   Thumb Code    16  lto-llvm-77f420.o(.text.HAL_Delay)
    [Anonymous Symbol]                       0x08000904   Section        0  lto-llvm-77f420.o(.text.HAL_Delay)
    __arm_cp.22_0                            0x08000914   Number         4  lto-llvm-77f420.o(.text.HAL_Delay)
    HAL_FLASH_Unlock                         0x08000919   Thumb Code    20  lto-llvm-77f420.o(.text.HAL_FLASH_Unlock)
    [Anonymous Symbol]                       0x08000918   Section        0  lto-llvm-77f420.o(.text.HAL_FLASH_Unlock)
    __arm_cp.28_0                            0x0800092c   Number         4  lto-llvm-77f420.o(.text.HAL_FLASH_Unlock)
    __arm_cp.28_1                            0x08000930   Number         4  lto-llvm-77f420.o(.text.HAL_FLASH_Unlock)
    __arm_cp.28_2                            0x08000934   Number         4  lto-llvm-77f420.o(.text.HAL_FLASH_Unlock)
    HAL_GPIO_Init                            0x08000939   Thumb Code   352  lto-llvm-77f420.o(.text.HAL_GPIO_Init)
    [Anonymous Symbol]                       0x08000938   Section        0  lto-llvm-77f420.o(.text.HAL_GPIO_Init)
    __arm_cp.23_0                            0x08000a98   Number         4  lto-llvm-77f420.o(.text.HAL_GPIO_Init)
    __arm_cp.23_1                            0x08000a9c   Number         4  lto-llvm-77f420.o(.text.HAL_GPIO_Init)
    __arm_cp.23_2                            0x08000aa0   Number         4  lto-llvm-77f420.o(.text.HAL_GPIO_Init)
    HAL_InitTick                             0x08000aa5   Thumb Code    60  lto-llvm-77f420.o(.text.HAL_InitTick)
    [Anonymous Symbol]                       0x08000aa4   Section        0  lto-llvm-77f420.o(.text.HAL_InitTick)
    __arm_cp.21_1                            0x08000ae0   Number         4  lto-llvm-77f420.o(.text.HAL_InitTick)
    __arm_cp.21_2                            0x08000ae4   Number         4  lto-llvm-77f420.o(.text.HAL_InitTick)
    __arm_cp.21_3                            0x08000ae8   Number         4  lto-llvm-77f420.o(.text.HAL_InitTick)
    HAL_RCC_GetPCLK1Freq                     0x08000aed   Thumb Code    20  lto-llvm-77f420.o(.text.HAL_RCC_GetPCLK1Freq)
    [Anonymous Symbol]                       0x08000aec   Section        0  lto-llvm-77f420.o(.text.HAL_RCC_GetPCLK1Freq)
    __arm_cp.20_0                            0x08000b00   Number         4  lto-llvm-77f420.o(.text.HAL_RCC_GetPCLK1Freq)
    __arm_cp.20_1                            0x08000b04   Number         4  lto-llvm-77f420.o(.text.HAL_RCC_GetPCLK1Freq)
    APBPrescTable                            0x08000b08   Number         0  lto-llvm-77f420.o(.text.HAL_RCC_GetPCLK1Freq)
    HAL_RCC_GetSysClockFreq                  0x08000b11   Thumb Code    56  lto-llvm-77f420.o(.text.HAL_RCC_GetSysClockFreq)
    [Anonymous Symbol]                       0x08000b10   Section        0  lto-llvm-77f420.o(.text.HAL_RCC_GetSysClockFreq)
    __arm_cp.19_0                            0x08000b48   Number         4  lto-llvm-77f420.o(.text.HAL_RCC_GetSysClockFreq)
    __arm_cp.19_1                            0x08000b4c   Number         4  lto-llvm-77f420.o(.text.HAL_RCC_GetSysClockFreq)
    HAL_RCC_GetSysClockFreq.aPLLMULFactorTable 0x08000b50   Number         0  lto-llvm-77f420.o(.text.HAL_RCC_GetSysClockFreq)
    HAL_RCC_GetSysClockFreq.aPredivFactorTable 0x08000b60   Number         0  lto-llvm-77f420.o(.text.HAL_RCC_GetSysClockFreq)
    __arm_cp.19_4                            0x08000b70   Number         4  lto-llvm-77f420.o(.text.HAL_RCC_GetSysClockFreq)
    HAL_SPI_Receive                          0x08000b75   Thumb Code   408  lto-llvm-77f420.o(.text.HAL_SPI_Receive)
    [Anonymous Symbol]                       0x08000b74   Section        0  lto-llvm-77f420.o(.text.HAL_SPI_Receive)
    HAL_SPI_Transmit                         0x08000d0d   Thumb Code   296  lto-llvm-77f420.o(.text.HAL_SPI_Transmit)
    [Anonymous Symbol]                       0x08000d0c   Section        0  lto-llvm-77f420.o(.text.HAL_SPI_Transmit)
    __arm_cp.29_0                            0x08000e34   Number         4  lto-llvm-77f420.o(.text.HAL_SPI_Transmit)
    __arm_cp.29_1                            0x08000e38   Number         4  lto-llvm-77f420.o(.text.HAL_SPI_Transmit)
    HAL_SPI_TransmitReceive                  0x08000e3d   Thumb Code   528  lto-llvm-77f420.o(.text.HAL_SPI_TransmitReceive)
    [Anonymous Symbol]                       0x08000e3c   Section        0  lto-llvm-77f420.o(.text.HAL_SPI_TransmitReceive)
    __arm_cp.34_0                            0x0800104c   Number         4  lto-llvm-77f420.o(.text.HAL_SPI_TransmitReceive)
    __arm_cp.34_1                            0x08001050   Number         4  lto-llvm-77f420.o(.text.HAL_SPI_TransmitReceive)
    HAL_UARTEx_ReceiveToIdle_DMA             0x08001055   Thumb Code   216  lto-llvm-77f420.o(.text.HAL_UARTEx_ReceiveToIdle_DMA)
    [Anonymous Symbol]                       0x08001054   Section        0  lto-llvm-77f420.o(.text.HAL_UARTEx_ReceiveToIdle_DMA)
    __arm_cp.43_0                            0x0800112c   Number         4  lto-llvm-77f420.o(.text.HAL_UARTEx_ReceiveToIdle_DMA)
    __arm_cp.43_1                            0x08001130   Number         4  lto-llvm-77f420.o(.text.HAL_UARTEx_ReceiveToIdle_DMA)
    __arm_cp.43_2                            0x08001134   Number         4  lto-llvm-77f420.o(.text.HAL_UARTEx_ReceiveToIdle_DMA)
    __arm_cp.43_3                            0x08001138   Number         4  lto-llvm-77f420.o(.text.HAL_UARTEx_ReceiveToIdle_DMA)
    HAL_UARTEx_RxEventCallback               0x0800113d   Thumb Code    64  lto-llvm-77f420.o(.text.HAL_UARTEx_RxEventCallback)
    [Anonymous Symbol]                       0x0800113c   Section        0  lto-llvm-77f420.o(.text.HAL_UARTEx_RxEventCallback)
    __arm_cp.2_0                             0x0800117c   Number         4  lto-llvm-77f420.o(.text.HAL_UARTEx_RxEventCallback)
    HAL_UART_TxCpltCallback                  0x08001181   Thumb Code    10  lto-llvm-77f420.o(.text.HAL_UART_TxCpltCallback)
    [Anonymous Symbol]                       0x08001180   Section        0  lto-llvm-77f420.o(.text.HAL_UART_TxCpltCallback)
    [Anonymous Symbol]                       0x0800118a   Section        0  lto-llvm-77f420.o(.text.HardFault_Handler)
    LFBB_ReadAcquire                         0x0800118d   Thumb Code    48  lto-llvm-77f420.o(.text.LFBB_ReadAcquire)
    [Anonymous Symbol]                       0x0800118c   Section        0  lto-llvm-77f420.o(.text.LFBB_ReadAcquire)
    LFBB_ReadRelease                         0x080011bd   Thumb Code    28  lto-llvm-77f420.o(.text.LFBB_ReadRelease)
    [Anonymous Symbol]                       0x080011bc   Section        0  lto-llvm-77f420.o(.text.LFBB_ReadRelease)
    LFBB_WriteAcquireAlt                     0x080011d9   Thumb Code    56  lto-llvm-77f420.o(.text.LFBB_WriteAcquireAlt)
    [Anonymous Symbol]                       0x080011d8   Section        0  lto-llvm-77f420.o(.text.LFBB_WriteAcquireAlt)
    __arm_cp.68_0                            0x08001210   Number         4  lto-llvm-77f420.o(.text.LFBB_WriteAcquireAlt)
    LFBB_WriteRelease                        0x08001215   Thumb Code    46  lto-llvm-77f420.o(.text.LFBB_WriteRelease)
    [Anonymous Symbol]                       0x08001214   Section        0  lto-llvm-77f420.o(.text.LFBB_WriteRelease)
    [Anonymous Symbol]                       0x08001242   Section        0  lto-llvm-77f420.o(.text.NMI_Handler)
    [Anonymous Symbol]                       0x08001244   Section        0  lto-llvm-77f420.o(.text.PendSV_Handler)
    SPI_EndRxTxTransaction                   0x08001249   Thumb Code    60  lto-llvm-77f420.o(.text.SPI_EndRxTxTransaction)
    [Anonymous Symbol]                       0x08001248   Section        0  lto-llvm-77f420.o(.text.SPI_EndRxTxTransaction)
    __arm_cp.30_0                            0x08001284   Number         4  lto-llvm-77f420.o(.text.SPI_EndRxTxTransaction)
    SPI_WaitFifoStateUntilTimeout            0x08001289   Thumb Code   172  lto-llvm-77f420.o(.text.SPI_WaitFifoStateUntilTimeout)
    [Anonymous Symbol]                       0x08001288   Section        0  lto-llvm-77f420.o(.text.SPI_WaitFifoStateUntilTimeout)
    __arm_cp.31_0                            0x08001334   Number         4  lto-llvm-77f420.o(.text.SPI_WaitFifoStateUntilTimeout)
    SPI_WaitFlagStateUntilTimeout            0x08001339   Thumb Code   144  lto-llvm-77f420.o(.text.SPI_WaitFlagStateUntilTimeout)
    [Anonymous Symbol]                       0x08001338   Section        0  lto-llvm-77f420.o(.text.SPI_WaitFlagStateUntilTimeout)
    __arm_cp.32_1                            0x080013c8   Number         4  lto-llvm-77f420.o(.text.SPI_WaitFlagStateUntilTimeout)
    __arm_cp.32_2                            0x080013cc   Number         4  lto-llvm-77f420.o(.text.SPI_WaitFlagStateUntilTimeout)
    [Anonymous Symbol]                       0x080013d0   Section        0  lto-llvm-77f420.o(.text.SVC_Handler)
    [Anonymous Symbol]                       0x080013d4   Section        0  lto-llvm-77f420.o(.text.SysTick_Handler)
    __arm_cp.15_0                            0x080013e0   Number         4  lto-llvm-77f420.o(.text.SysTick_Handler)
    [Anonymous Symbol]                       0x080013e4   Section        0  lto-llvm-77f420.o(.text.SystemInit)
    UART_DMAAbortOnError                     0x080013e7   Thumb Code    16  lto-llvm-77f420.o(.text.UART_DMAAbortOnError)
    [Anonymous Symbol]                       0x080013e6   Section        0  lto-llvm-77f420.o(.text.UART_DMAAbortOnError)
    UART_DMAError                            0x080013f7   Thumb Code    92  lto-llvm-77f420.o(.text.UART_DMAError)
    [Anonymous Symbol]                       0x080013f6   Section        0  lto-llvm-77f420.o(.text.UART_DMAError)
    UART_DMAReceiveCplt                      0x08001453   Thumb Code   134  lto-llvm-77f420.o(.text.UART_DMAReceiveCplt)
    [Anonymous Symbol]                       0x08001452   Section        0  lto-llvm-77f420.o(.text.UART_DMAReceiveCplt)
    UART_DMARxHalfCplt                       0x080014d9   Thumb Code    26  lto-llvm-77f420.o(.text.UART_DMARxHalfCplt)
    [Anonymous Symbol]                       0x080014d8   Section        0  lto-llvm-77f420.o(.text.UART_DMARxHalfCplt)
    UART_DMATransmitCplt                     0x080014f3   Thumb Code    70  lto-llvm-77f420.o(.text.UART_DMATransmitCplt)
    [Anonymous Symbol]                       0x080014f2   Section        0  lto-llvm-77f420.o(.text.UART_DMATransmitCplt)
    UART_DMATxHalfCplt                       0x08001539   Thumb Code     2  lto-llvm-77f420.o(.text.UART_DMATxHalfCplt)
    [Anonymous Symbol]                       0x08001538   Section        0  lto-llvm-77f420.o(.text.UART_DMATxHalfCplt)
    UART_EndRxTransfer                       0x0800153b   Thumb Code    90  lto-llvm-77f420.o(.text.UART_EndRxTransfer)
    [Anonymous Symbol]                       0x0800153a   Section        0  lto-llvm-77f420.o(.text.UART_EndRxTransfer)
    UART_WaitOnFlagUntilTimeout              0x08001595   Thumb Code    88  lto-llvm-77f420.o(.text.UART_WaitOnFlagUntilTimeout)
    [Anonymous Symbol]                       0x08001594   Section        0  lto-llvm-77f420.o(.text.UART_WaitOnFlagUntilTimeout)
    __arm_cp.35_1                            0x080015ec   Number         4  lto-llvm-77f420.o(.text.UART_WaitOnFlagUntilTimeout)
    [Anonymous Symbol]                       0x080015f0   Section        0  lto-llvm-77f420.o(.text.USART1_IRQHandler)
    __arm_cp.18_0                            0x080018f4   Number         4  lto-llvm-77f420.o(.text.USART1_IRQHandler)
    __arm_cp.18_1                            0x080018f8   Number         4  lto-llvm-77f420.o(.text.USART1_IRQHandler)
    __arm_cp.18_2                            0x080018fc   Number         4  lto-llvm-77f420.o(.text.USART1_IRQHandler)
    __arm_cp.18_3                            0x08001900   Number         4  lto-llvm-77f420.o(.text.USART1_IRQHandler)
    USART_BRR_Configuration                  0x08001905   Thumb Code   172  lto-llvm-77f420.o(.text.USART_BRR_Configuration)
    [Anonymous Symbol]                       0x08001904   Section        0  lto-llvm-77f420.o(.text.USART_BRR_Configuration)
    __arm_cp.7_0                             0x080019b0   Number         4  lto-llvm-77f420.o(.text.USART_BRR_Configuration)
    __arm_cp.7_1                             0x080019b4   Number         4  lto-llvm-77f420.o(.text.USART_BRR_Configuration)
    __arm_cp.7_2                             0x080019b8   Number         4  lto-llvm-77f420.o(.text.USART_BRR_Configuration)
    __arm_cp.7_3                             0x080019bc   Number         4  lto-llvm-77f420.o(.text.USART_BRR_Configuration)
    __arm_cp.7_4                             0x080019c0   Number         4  lto-llvm-77f420.o(.text.USART_BRR_Configuration)
    __NVIC_SystemReset                       0x080019c5   Thumb Code    20  lto-llvm-77f420.o(.text.__NVIC_SystemReset)
    [Anonymous Symbol]                       0x080019c4   Section        0  lto-llvm-77f420.o(.text.__NVIC_SystemReset)
    __arm_cp.6_0                             0x080019d8   Number         4  lto-llvm-77f420.o(.text.__NVIC_SystemReset)
    __arm_cp.6_1                             0x080019dc   Number         4  lto-llvm-77f420.o(.text.__NVIC_SystemReset)
    block_calc_sumcheck                      0x080019e1   Thumb Code    48  lto-llvm-77f420.o(.text.block_calc_sumcheck)
    [Anonymous Symbol]                       0x080019e0   Section        0  lto-llvm-77f420.o(.text.block_calc_sumcheck)
    block_err                                0x08001a11   Thumb Code    84  lto-llvm-77f420.o(.text.block_err)
    [Anonymous Symbol]                       0x08001a10   Section        0  lto-llvm-77f420.o(.text.block_err)
    __arm_cp.54_1                            0x08001a64   Number         4  lto-llvm-77f420.o(.text.block_err)
    find_key                                 0x08001a69   Thumb Code    68  lto-llvm-77f420.o(.text.find_key)
    [Anonymous Symbol]                       0x08001a68   Section        0  lto-llvm-77f420.o(.text.find_key)
    find_last_key                            0x08001aad   Thumb Code    40  lto-llvm-77f420.o(.text.find_last_key)
    [Anonymous Symbol]                       0x08001aac   Section        0  lto-llvm-77f420.o(.text.find_last_key)
    get_next_key                             0x08001ad5   Thumb Code    36  lto-llvm-77f420.o(.text.get_next_key)
    [Anonymous Symbol]                       0x08001ad4   Section        0  lto-llvm-77f420.o(.text.get_next_key)
    __arm_cp.62_0                            0x08001af8   Number         4  lto-llvm-77f420.o(.text.get_next_key)
    handle_uart_command                      0x08001afd   Thumb Code   508  lto-llvm-77f420.o(.text.handle_uart_command)
    [Anonymous Symbol]                       0x08001afc   Section        0  lto-llvm-77f420.o(.text.handle_uart_command)
    __arm_cp.5_0                             0x08001cf8   Number         4  lto-llvm-77f420.o(.text.handle_uart_command)
    __arm_cp.5_1                             0x08001cfc   Number         4  lto-llvm-77f420.o(.text.handle_uart_command)
    __arm_cp.5_2                             0x08001d00   Number         4  lto-llvm-77f420.o(.text.handle_uart_command)
    __arm_cp.5_3                             0x08001d04   Number         4  lto-llvm-77f420.o(.text.handle_uart_command)
    __arm_cp.5_4                             0x08001d08   Number         4  lto-llvm-77f420.o(.text.handle_uart_command)
    __arm_cp.5_5                             0x08001d0c   Number         4  lto-llvm-77f420.o(.text.handle_uart_command)
    __arm_cp.5_6                             0x08001d10   Number         4  lto-llvm-77f420.o(.text.handle_uart_command)
    __arm_cp.5_7                             0x08001d14   Number         4  lto-llvm-77f420.o(.text.handle_uart_command)
    init_block                               0x08001d19   Thumb Code    28  lto-llvm-77f420.o(.text.init_block)
    [Anonymous Symbol]                       0x08001d18   Section        0  lto-llvm-77f420.o(.text.init_block)
    init_temp                                0x08001d35   Thumb Code    40  lto-llvm-77f420.o(.text.init_temp)
    [Anonymous Symbol]                       0x08001d34   Section        0  lto-llvm-77f420.o(.text.init_temp)
    __arm_cp.58_0                            0x08001d5c   Number         4  lto-llvm-77f420.o(.text.init_temp)
    __arm_cp.58_1                            0x08001d60   Number         4  lto-llvm-77f420.o(.text.init_temp)
    __arm_cp.58_2                            0x08001d64   Number         4  lto-llvm-77f420.o(.text.init_temp)
    [Anonymous Symbol]                       0x08001d68   Section        0  lto-llvm-77f420.o(.text.main)
    __arm_cp.9_41                            0x08001ed8   Number         4  lto-llvm-77f420.o(.text.main)
    __arm_cp.9_42                            0x08001edc   Number         4  lto-llvm-77f420.o(.text.main)
    __arm_cp.9_45                            0x080021d4   Number         4  lto-llvm-77f420.o(.text.main)
    __arm_cp.9_46                            0x080021d8   Number         4  lto-llvm-77f420.o(.text.main)
    AHBPrescTable                            0x080021dc   Number         0  lto-llvm-77f420.o(.text.main)
    __arm_cp.9_50                            0x080021f4   Number         4  lto-llvm-77f420.o(.text.main)
    __arm_cp.9_51                            0x080021f8   Number         4  lto-llvm-77f420.o(.text.main)
    __arm_cp.9_52                            0x080021fc   Number         4  lto-llvm-77f420.o(.text.main)
    __arm_cp.9_53                            0x08002200   Number         4  lto-llvm-77f420.o(.text.main)
    __arm_cp.9_55                            0x08002208   Number         4  lto-llvm-77f420.o(.text.main)
    __arm_cp.9_56                            0x0800220c   Number         4  lto-llvm-77f420.o(.text.main)
    __arm_cp.9_57                            0x08002210   Number         4  lto-llvm-77f420.o(.text.main)
    __arm_cp.9_58                            0x08002214   Number         4  lto-llvm-77f420.o(.text.main)
    __arm_cp.9_59                            0x08002218   Number         4  lto-llvm-77f420.o(.text.main)
    __arm_cp.9_60                            0x0800221c   Number         4  lto-llvm-77f420.o(.text.main)
    __arm_cp.9_61                            0x08002220   Number         4  lto-llvm-77f420.o(.text.main)
    __arm_cp.9_2                             0x08002674   Number         4  lto-llvm-77f420.o(.text.main)
    __arm_cp.9_3                             0x08002678   Number         4  lto-llvm-77f420.o(.text.main)
    __arm_cp.9_7                             0x0800267c   Number         4  lto-llvm-77f420.o(.text.main)
    __arm_cp.9_8                             0x08002680   Number         4  lto-llvm-77f420.o(.text.main)
    __arm_cp.9_13                            0x08002684   Number         4  lto-llvm-77f420.o(.text.main)
    __arm_cp.9_21                            0x08002688   Number         4  lto-llvm-77f420.o(.text.main)
    __arm_cp.9_22                            0x0800268c   Number         4  lto-llvm-77f420.o(.text.main)
    __arm_cp.9_23                            0x08002690   Number         4  lto-llvm-77f420.o(.text.main)
    __arm_cp.9_24                            0x08002694   Number         4  lto-llvm-77f420.o(.text.main)
    __arm_cp.9_25                            0x08002698   Number         4  lto-llvm-77f420.o(.text.main)
    __arm_cp.9_26                            0x0800269c   Number         4  lto-llvm-77f420.o(.text.main)
    __arm_cp.9_27                            0x080026a0   Number         4  lto-llvm-77f420.o(.text.main)
    __arm_cp.9_28                            0x080026a4   Number         4  lto-llvm-77f420.o(.text.main)
    __arm_cp.9_29                            0x080026a8   Number         4  lto-llvm-77f420.o(.text.main)
    __arm_cp.9_30                            0x080026ac   Number         4  lto-llvm-77f420.o(.text.main)
    __arm_cp.9_31                            0x080026b0   Number         4  lto-llvm-77f420.o(.text.main)
    __arm_cp.9_32                            0x080026b4   Number         4  lto-llvm-77f420.o(.text.main)
    __arm_cp.9_33                            0x080026b8   Number         4  lto-llvm-77f420.o(.text.main)
    __arm_cp.9_34                            0x080026bc   Number         4  lto-llvm-77f420.o(.text.main)
    __arm_cp.9_36                            0x080026c0   Number         4  lto-llvm-77f420.o(.text.main)
    __arm_cp.9_37                            0x080026c4   Number         4  lto-llvm-77f420.o(.text.main)
    __arm_cp.9_38                            0x080026c8   Number         4  lto-llvm-77f420.o(.text.main)
    mf_add_key                               0x080026cd   Thumb Code   200  lto-llvm-77f420.o(.text.mf_add_key)
    [Anonymous Symbol]                       0x080026cc   Section        0  lto-llvm-77f420.o(.text.mf_add_key)
    __arm_cp.63_0                            0x08002794   Number         4  lto-llvm-77f420.o(.text.mf_add_key)
    __arm_cp.63_2                            0x08002798   Number         4  lto-llvm-77f420.o(.text.mf_add_key)
    mf_erase                                 0x0800279d   Thumb Code   192  lto-llvm-77f420.o(.text.mf_erase)
    [Anonymous Symbol]                       0x0800279c   Section        0  lto-llvm-77f420.o(.text.mf_erase)
    __arm_cp.56_4                            0x0800285c   Number         4  lto-llvm-77f420.o(.text.mf_erase)
    mf_purge                                 0x08002861   Thumb Code    28  lto-llvm-77f420.o(.text.mf_purge)
    [Anonymous Symbol]                       0x08002860   Section        0  lto-llvm-77f420.o(.text.mf_purge)
    __arm_cp.61_0                            0x0800287c   Number         4  lto-llvm-77f420.o(.text.mf_purge)
    mf_save                                  0x08002881   Thumb Code    52  lto-llvm-77f420.o(.text.mf_save)
    [Anonymous Symbol]                       0x08002880   Section        0  lto-llvm-77f420.o(.text.mf_save)
    __arm_cp.60_0                            0x080028b4   Number         4  lto-llvm-77f420.o(.text.mf_save)
    __arm_cp.60_1                            0x080028b8   Number         4  lto-llvm-77f420.o(.text.mf_save)
    mf_set_key                               0x080028bd   Thumb Code   272  lto-llvm-77f420.o(.text.mf_set_key)
    [Anonymous Symbol]                       0x080028bc   Section        0  lto-llvm-77f420.o(.text.mf_set_key)
    __arm_cp.66_1                            0x080029cc   Number         4  lto-llvm-77f420.o(.text.mf_set_key)
    mf_sync_key                              0x080029d1   Thumb Code    68  lto-llvm-77f420.o(.text.mf_sync_key)
    [Anonymous Symbol]                       0x080029d0   Section        0  lto-llvm-77f420.o(.text.mf_sync_key)
    __arm_cp.67_0                            0x08002a14   Number         4  lto-llvm-77f420.o(.text.mf_sync_key)
    mf_write                                 0x08002a19   Thumb Code   232  lto-llvm-77f420.o(.text.mf_write)
    [Anonymous Symbol]                       0x08002a18   Section        0  lto-llvm-77f420.o(.text.mf_write)
    __arm_cp.57_0                            0x08002b00   Number         4  lto-llvm-77f420.o(.text.mf_write)
    __arm_cp.57_1                            0x08002b04   Number         4  lto-llvm-77f420.o(.text.mf_write)
    __arm_cp.57_2                            0x08002b08   Number         4  lto-llvm-77f420.o(.text.mf_write)
    __arm_cp.57_3                            0x08002b0c   Number         4  lto-llvm-77f420.o(.text.mf_write)
    __arm_cp.57_4                            0x08002b10   Number         4  lto-llvm-77f420.o(.text.mf_write)
    nrf24l01_init                            0x08002b15   Thumb Code   508  lto-llvm-77f420.o(.text.nrf24l01_init)
    [Anonymous Symbol]                       0x08002b14   Section        0  lto-llvm-77f420.o(.text.nrf24l01_init)
    __arm_cp.4_1                             0x08002d10   Number         4  lto-llvm-77f420.o(.text.nrf24l01_init)
    __arm_cp.4_3                             0x08002d14   Number         4  lto-llvm-77f420.o(.text.nrf24l01_init)
    __arm_cp.4_4                             0x08002d18   Number         4  lto-llvm-77f420.o(.text.nrf24l01_init)
    __arm_cp.4_5                             0x08002d1c   Number         4  lto-llvm-77f420.o(.text.nrf24l01_init)
    nrf24l01p_clear_max_rt                   0x08002d21   Thumb Code    18  lto-llvm-77f420.o(.text.nrf24l01p_clear_max_rt)
    [Anonymous Symbol]                       0x08002d20   Section        0  lto-llvm-77f420.o(.text.nrf24l01p_clear_max_rt)
    nrf24l01p_clear_tx_ds                    0x08002d33   Thumb Code    18  lto-llvm-77f420.o(.text.nrf24l01p_clear_tx_ds)
    [Anonymous Symbol]                       0x08002d32   Section        0  lto-llvm-77f420.o(.text.nrf24l01p_clear_tx_ds)
    nrf24l01p_flush_tx_fifo                  0x08002d45   Thumb Code    28  lto-llvm-77f420.o(.text.nrf24l01p_flush_tx_fifo)
    [Anonymous Symbol]                       0x08002d44   Section        0  lto-llvm-77f420.o(.text.nrf24l01p_flush_tx_fifo)
    nrf24l01p_get_fifo_status                0x08002d61   Thumb Code    10  lto-llvm-77f420.o(.text.nrf24l01p_get_fifo_status)
    [Anonymous Symbol]                       0x08002d60   Section        0  lto-llvm-77f420.o(.text.nrf24l01p_get_fifo_status)
    nrf24l01p_get_status                     0x08002d6d   Thumb Code    32  lto-llvm-77f420.o(.text.nrf24l01p_get_status)
    [Anonymous Symbol]                       0x08002d6c   Section        0  lto-llvm-77f420.o(.text.nrf24l01p_get_status)
    nrf24l01p_rx_mode                        0x08002d8d   Thumb Code    36  lto-llvm-77f420.o(.text.nrf24l01p_rx_mode)
    [Anonymous Symbol]                       0x08002d8c   Section        0  lto-llvm-77f420.o(.text.nrf24l01p_rx_mode)
    nrf_tx_callback                          0x08002db1   Thumb Code    22  lto-llvm-77f420.o(.text.nrf_tx_callback)
    [Anonymous Symbol]                       0x08002db0   Section        0  lto-llvm-77f420.o(.text.nrf_tx_callback)
    read_register                            0x08002dc9   Thumb Code    40  lto-llvm-77f420.o(.text.read_register)
    [Anonymous Symbol]                       0x08002dc8   Section        0  lto-llvm-77f420.o(.text.read_register)
    __arm_cp.46_0                            0x08002df0   Number         4  lto-llvm-77f420.o(.text.read_register)
    uart_send_packet                         0x08002df5   Thumb Code   132  lto-llvm-77f420.o(.text.uart_send_packet)
    [Anonymous Symbol]                       0x08002df4   Section        0  lto-llvm-77f420.o(.text.uart_send_packet)
    __arm_cp.3_0                             0x08002e78   Number         4  lto-llvm-77f420.o(.text.uart_send_packet)
    __arm_cp.3_1                             0x08002e7c   Number         4  lto-llvm-77f420.o(.text.uart_send_packet)
    __arm_cp.3_2                             0x08002e80   Number         4  lto-llvm-77f420.o(.text.uart_send_packet)
    uart_tx_exchange                         0x08002e85   Thumb Code   200  lto-llvm-77f420.o(.text.uart_tx_exchange)
    [Anonymous Symbol]                       0x08002e84   Section        0  lto-llvm-77f420.o(.text.uart_tx_exchange)
    __arm_cp.0_0                             0x08002f4c   Number         4  lto-llvm-77f420.o(.text.uart_tx_exchange)
    __arm_cp.0_1                             0x08002f50   Number         4  lto-llvm-77f420.o(.text.uart_tx_exchange)
    __arm_cp.0_2                             0x08002f54   Number         4  lto-llvm-77f420.o(.text.uart_tx_exchange)
    __arm_cp.0_3                             0x08002f58   Number         4  lto-llvm-77f420.o(.text.uart_tx_exchange)
    __arm_cp.0_4                             0x08002f5c   Number         4  lto-llvm-77f420.o(.text.uart_tx_exchange)
    write_register                           0x08002f61   Thumb Code    16  lto-llvm-77f420.o(.text.write_register)
    [Anonymous Symbol]                       0x08002f60   Section        0  lto-llvm-77f420.o(.text.write_register)
    write_register_multi                     0x08002f71   Thumb Code    40  lto-llvm-77f420.o(.text.write_register_multi)
    [Anonymous Symbol]                       0x08002f70   Section        0  lto-llvm-77f420.o(.text.write_register_multi)
    __arm_cp.48_0                            0x08002f98   Number         4  lto-llvm-77f420.o(.text.write_register_multi)
    [Anonymous Symbol]                       0x08002f9c   Section        0  lto-llvm-77f420.o(.rodata.cst16)
    [Anonymous Symbol]                       0x08002fac   Section        0  lto-llvm-77f420.o(.rodata.str1.1)
    payload_length                           0x20000000   Data           1  lto-llvm-77f420.o(.data)
    [Anonymous Symbol]                       0x20000000   Section        0  lto-llvm-77f420.o(.data)
    baudrate                                 0x20000004   Data           4  lto-llvm-77f420.o(.data)
    SystemCoreClock                          0x20000008   Data           4  lto-llvm-77f420.o(.data)
    nrf_setting                              0x2000000c   Data          16  lto-llvm-77f420.o(.data)
    .bss                                     0x20000020   Section       96  libspace.o(.bss)
    temp_buf1                                0x20000080   Data          64  lto-llvm-77f420.o(.bss)
    [Anonymous Symbol]                       0x20000080   Section        0  lto-llvm-77f420.o(.bss)
    parse_uart_data.buf                      0x200000c0   Data         128  lto-llvm-77f420.o(.bss)
    temp_buf2                                0x20000140   Data          64  lto-llvm-77f420.o(.bss)
    tx_buf                                   0x20000180   Data         256  lto-llvm-77f420.o(.bss)
    rx_buf                                   0x20000280   Data         256  lto-llvm-77f420.o(.bss)
    hdma_usart1_tx                           0x20000380   Data          68  lto-llvm-77f420.o(.bss)
    hdma_usart1_rx                           0x200003c4   Data          68  lto-llvm-77f420.o(.bss)
    huart1                                   0x20000408   Data         136  lto-llvm-77f420.o(.bss)
    hspi1                                    0x20000490   Data         100  lto-llvm-77f420.o(.bss)
    mf_temp                                  0x200004f8   Data        1024  lto-llvm-77f420.o(.bss)
    HAL_UARTEx_RxEventCallback.overflow      0x200008f8   Data           1  lto-llvm-77f420.o(.bss)
    parse_uart_data.state                    0x200008f9   Data           1  lto-llvm-77f420.o(.bss)
    parse_uart_data.cmd                      0x200008fa   Data           1  lto-llvm-77f420.o(.bss)
    mf_ok                                    0x200008fb   Data           1  lto-llvm-77f420.o(.bss)
    hiwdg.1                                  0x200008fc   Data           1  lto-llvm-77f420.o(.bss)
    hiwdg.2                                  0x20000900   Data           1  lto-llvm-77f420.o(.bss)
    hiwdg.3                                  0x20000904   Data           1  lto-llvm-77f420.o(.bss)
    nrf_auto                                 0x20000905   Data           1  lto-llvm-77f420.o(.bss)
    nrf_mode                                 0x20000906   Data           1  lto-llvm-77f420.o(.bss)
    nrf_auto_tx_cnt                          0x20000907   Data           1  lto-llvm-77f420.o(.bss)
    rx_emerg_buf                             0x20000908   Data           2  lto-llvm-77f420.o(.bss)
    tx_sending                               0x2000090c   Data           4  lto-llvm-77f420.o(.bss)
    parse_uart_data.dl                       0x20000910   Data           4  lto-llvm-77f420.o(.bss)
    parse_uart_data.bp                       0x20000914   Data           4  lto-llvm-77f420.o(.bss)
    uwTick                                   0x20000918   Data           4  lto-llvm-77f420.o(.bss)
    nrf_rx_payload                           0x2000091c   Data           4  lto-llvm-77f420.o(.bss)
    info_backup                              0x20000920   Data           4  lto-llvm-77f420.o(.bss)
    info_main                                0x20000924   Data           4  lto-llvm-77f420.o(.bss)
    tx_lfbb                                  0x20000928   Data          24  lto-llvm-77f420.o(.bss)
    rx_lfbb                                  0x20000940   Data          24  lto-llvm-77f420.o(.bss)
    nrf_buffer                               0x20000958   Data          32  lto-llvm-77f420.o(.bss)
    pFlash                                   0x20000978   Data          32  lto-llvm-77f420.o(.bss)
    Heap_Mem                                 0x20000998   Data         512  startup_stm32f030x6.o(HEAP)
    HEAP                                     0x20000998   Section      512  startup_stm32f030x6.o(HEAP)
    Stack_Mem                                0x20000b98   Data        1024  startup_stm32f030x6.o(STACK)
    STACK                                    0x20000b98   Section     1024  startup_stm32f030x6.o(STACK)
    __initial_sp                             0x20000f98   Data           0  startup_stm32f030x6.o(STACK)

    Global Symbols

    Symbol Name                              Value     Ov Type        Size  Object(Section)

    BuildAttributes$$THM_ISAv3M$S$PE$A:L22$X:L11$S22$IEEE1$IW$~IW$USESV6$~STKCKD$USESV7$~SHL$OSPACE$ROPI$IEEEF$EBA8$UX$STANDARDLIB$REQ8$PRES8$EABIv2 0x00000000   Number         0  anon$$obj.o ABSOLUTE
    __ARM_exceptions_init                     - Undefined Weak Reference
    __alloca_initialize                       - Undefined Weak Reference
    __arm_preinit_                            - Undefined Weak Reference
    __arm_relocate_pie_                       - Undefined Weak Reference
    __cpp_initialize__aeabi_                  - Undefined Weak Reference
    __cxa_finalize                            - Undefined Weak Reference
    __rt_locale                               - Undefined Weak Reference
    __sigvec_lookup                           - Undefined Weak Reference
    _atexit_init                              - Undefined Weak Reference
    _call_atexit_fns                          - Undefined Weak Reference
    _clock_init                               - Undefined Weak Reference
    _fp_trap_init                             - Undefined Weak Reference
    _fp_trap_shutdown                         - Undefined Weak Reference
    _get_lc_collate                           - Undefined Weak Reference
    _get_lc_ctype                             - Undefined Weak Reference
    _get_lc_monetary                          - Undefined Weak Reference
    _get_lc_numeric                           - Undefined Weak Reference
    _get_lc_time                              - Undefined Weak Reference
    _getenv_init                              - Undefined Weak Reference
    _handle_redirection                       - Undefined Weak Reference
    _init_alloc                               - Undefined Weak Reference
    _init_user_alloc                          - Undefined Weak Reference
    _initio                                   - Undefined Weak Reference
    _rand_init                                - Undefined Weak Reference
    _signal_finish                            - Undefined Weak Reference
    _signal_init                              - Undefined Weak Reference
    _terminate_alloc                          - Undefined Weak Reference
    _terminate_user_alloc                     - Undefined Weak Reference
    _terminateio                              - Undefined Weak Reference
    __Vectors_Size                           0x000000b0   Number         0  startup_stm32f030x6.o ABSOLUTE
    __Vectors                                0x08000000   Data           4  startup_stm32f030x6.o(RESET)
    __Vectors_End                            0x080000b0   Data           0  startup_stm32f030x6.o(RESET)
    __main                                   0x080000b1   Thumb Code     8  __main.o(!!!main)
    __scatterload                            0x080000b9   Thumb Code     0  __scatter.o(!!!scatter)
    __scatterload_rt2                        0x080000b9   Thumb Code    52  __scatter.o(!!!scatter)
    __scatterload_rt2_thumb_only             0x080000b9   Thumb Code     0  __scatter.o(!!!scatter)
    __scatterload_null                       0x080000c9   Thumb Code     0  __scatter.o(!!!scatter)
    __scatterload_copy                       0x080000f5   Thumb Code    26  __scatter_copy.o(!!handler_copy)
    __scatterload_zeroinit                   0x08000111   Thumb Code    28  __scatter_zi.o(!!handler_zi)
    __rt_lib_init                            0x0800012d   Thumb Code     0  libinit.o(.ARM.Collect$$libinit$$00000000)
    __rt_lib_init_alloca_1                   0x0800012f   Thumb Code     0  libinit2.o(.ARM.Collect$$libinit$$00000030)
    __rt_lib_init_argv_1                     0x0800012f   Thumb Code     0  libinit2.o(.ARM.Collect$$libinit$$0000002E)
    __rt_lib_init_atexit_1                   0x0800012f   Thumb Code     0  libinit2.o(.ARM.Collect$$libinit$$0000001D)
    __rt_lib_init_clock_1                    0x0800012f   Thumb Code     0  libinit2.o(.ARM.Collect$$libinit$$00000023)
    __rt_lib_init_cpp_1                      0x0800012f   Thumb Code     0  libinit2.o(.ARM.Collect$$libinit$$00000034)
    __rt_lib_init_exceptions_1               0x0800012f   Thumb Code     0  libinit2.o(.ARM.Collect$$libinit$$00000032)
    __rt_lib_init_fp_1                       0x0800012f   Thumb Code     0  libinit2.o(.ARM.Collect$$libinit$$00000002)
    __rt_lib_init_fp_trap_1                  0x0800012f   Thumb Code     0  libinit2.o(.ARM.Collect$$libinit$$00000021)
    __rt_lib_init_getenv_1                   0x0800012f   Thumb Code     0  libinit2.o(.ARM.Collect$$libinit$$00000025)
    __rt_lib_init_heap_1                     0x0800012f   Thumb Code     0  libinit2.o(.ARM.Collect$$libinit$$0000000C)
    __rt_lib_init_lc_collate_1               0x0800012f   Thumb Code     0  libinit2.o(.ARM.Collect$$libinit$$00000013)
    __rt_lib_init_lc_ctype_1                 0x0800012f   Thumb Code     0  libinit2.o(.ARM.Collect$$libinit$$00000015)
    __rt_lib_init_lc_monetary_1              0x0800012f   Thumb Code     0  libinit2.o(.ARM.Collect$$libinit$$00000017)
    __rt_lib_init_lc_numeric_1               0x0800012f   Thumb Code     0  libinit2.o(.ARM.Collect$$libinit$$00000019)
    __rt_lib_init_lc_time_1                  0x0800012f   Thumb Code     0  libinit2.o(.ARM.Collect$$libinit$$0000001B)
    __rt_lib_init_preinit_1                  0x0800012f   Thumb Code     0  libinit2.o(.ARM.Collect$$libinit$$00000006)
    __rt_lib_init_rand_1                     0x0800012f   Thumb Code     0  libinit2.o(.ARM.Collect$$libinit$$00000010)
    __rt_lib_init_relocate_pie_1             0x0800012f   Thumb Code     0  libinit2.o(.ARM.Collect$$libinit$$00000004)
    __rt_lib_init_return                     0x0800012f   Thumb Code     0  libinit2.o(.ARM.Collect$$libinit$$00000035)
    __rt_lib_init_signal_1                   0x0800012f   Thumb Code     0  libinit2.o(.ARM.Collect$$libinit$$0000001F)
    __rt_lib_init_stdio_1                    0x0800012f   Thumb Code     0  libinit2.o(.ARM.Collect$$libinit$$00000027)
    __rt_lib_init_user_alloc_1               0x0800012f   Thumb Code     0  libinit2.o(.ARM.Collect$$libinit$$0000000E)
    __rt_lib_shutdown                        0x08000131   Thumb Code     0  libshutdown.o(.ARM.Collect$$libshutdown$$00000000)
    __rt_lib_shutdown_cpp_1                  0x08000133   Thumb Code     0  libshutdown2.o(.ARM.Collect$$libshutdown$$00000002)
    __rt_lib_shutdown_fp_trap_1              0x08000133   Thumb Code     0  libshutdown2.o(.ARM.Collect$$libshutdown$$00000007)
    __rt_lib_shutdown_heap_1                 0x08000133   Thumb Code     0  libshutdown2.o(.ARM.Collect$$libshutdown$$0000000F)
    __rt_lib_shutdown_return                 0x08000133   Thumb Code     0  libshutdown2.o(.ARM.Collect$$libshutdown$$00000010)
    __rt_lib_shutdown_signal_1               0x08000133   Thumb Code     0  libshutdown2.o(.ARM.Collect$$libshutdown$$0000000A)
    __rt_lib_shutdown_stdio_1                0x08000133   Thumb Code     0  libshutdown2.o(.ARM.Collect$$libshutdown$$00000004)
    __rt_lib_shutdown_user_alloc_1           0x08000133   Thumb Code     0  libshutdown2.o(.ARM.Collect$$libshutdown$$0000000C)
    __rt_entry                               0x08000135   Thumb Code     0  __rtentry.o(.ARM.Collect$$rtentry$$00000000)
    __rt_entry_presh_1                       0x08000135   Thumb Code     0  __rtentry2.o(.ARM.Collect$$rtentry$$00000002)
    __rt_entry_sh                            0x08000135   Thumb Code     0  __rtentry4.o(.ARM.Collect$$rtentry$$00000004)
    __rt_entry_li                            0x0800013b   Thumb Code     0  __rtentry2.o(.ARM.Collect$$rtentry$$0000000A)
    __rt_entry_postsh_1                      0x0800013b   Thumb Code     0  __rtentry2.o(.ARM.Collect$$rtentry$$00000009)
    __rt_entry_main                          0x0800013f   Thumb Code     0  __rtentry2.o(.ARM.Collect$$rtentry$$0000000D)
    __rt_entry_postli_1                      0x0800013f   Thumb Code     0  __rtentry2.o(.ARM.Collect$$rtentry$$0000000C)
    __rt_exit                                0x08000147   Thumb Code     0  rtexit.o(.ARM.Collect$$rtexit$$00000000)
    __rt_exit_ls                             0x08000149   Thumb Code     0  rtexit2.o(.ARM.Collect$$rtexit$$00000003)
    __rt_exit_prels_1                        0x08000149   Thumb Code     0  rtexit2.o(.ARM.Collect$$rtexit$$00000002)
    __rt_exit_exit                           0x0800014d   Thumb Code     0  rtexit2.o(.ARM.Collect$$rtexit$$00000004)
    __aeabi_memcpy4                          0x08000155   Thumb Code    56  rt_memcpy.o(.emb_text)
    __aeabi_memcpy8                          0x08000155   Thumb Code     0  rt_memcpy.o(.emb_text)
    Reset_Handler                            0x0800018d   Thumb Code     8  startup_stm32f030x6.o(.text)
    ADC1_IRQHandler                          0x0800019f   Thumb Code     0  startup_stm32f030x6.o(.text)
    DMA1_Channel1_IRQHandler                 0x0800019f   Thumb Code     0  startup_stm32f030x6.o(.text)
    DMA1_Channel4_5_IRQHandler               0x0800019f   Thumb Code     0  startup_stm32f030x6.o(.text)
    EXTI0_1_IRQHandler                       0x0800019f   Thumb Code     0  startup_stm32f030x6.o(.text)
    EXTI4_15_IRQHandler                      0x0800019f   Thumb Code     0  startup_stm32f030x6.o(.text)
    FLASH_IRQHandler                         0x0800019f   Thumb Code     0  startup_stm32f030x6.o(.text)
    I2C1_IRQHandler                          0x0800019f   Thumb Code     0  startup_stm32f030x6.o(.text)
    RCC_IRQHandler                           0x0800019f   Thumb Code     0  startup_stm32f030x6.o(.text)
    RTC_IRQHandler                           0x0800019f   Thumb Code     0  startup_stm32f030x6.o(.text)
    SPI1_IRQHandler                          0x0800019f   Thumb Code     0  startup_stm32f030x6.o(.text)
    TIM14_IRQHandler                         0x0800019f   Thumb Code     0  startup_stm32f030x6.o(.text)
    TIM16_IRQHandler                         0x0800019f   Thumb Code     0  startup_stm32f030x6.o(.text)
    TIM17_IRQHandler                         0x0800019f   Thumb Code     0  startup_stm32f030x6.o(.text)
    TIM1_BRK_UP_TRG_COM_IRQHandler           0x0800019f   Thumb Code     0  startup_stm32f030x6.o(.text)
    TIM1_CC_IRQHandler                       0x0800019f   Thumb Code     0  startup_stm32f030x6.o(.text)
    TIM3_IRQHandler                          0x0800019f   Thumb Code     0  startup_stm32f030x6.o(.text)
    WWDG_IRQHandler                          0x0800019f   Thumb Code     0  startup_stm32f030x6.o(.text)
    __user_initial_stackheap                 0x080001a1   Thumb Code     0  startup_stm32f030x6.o(.text)
    strlen                                   0x080001c5   Thumb Code    62  strlen.o(.text)
    strcmp                                   0x08000209   Thumb Code   132  strcmp.o(.text)
    __use_two_region_memory                  0x08000291   Thumb Code     2  heapauxi.o(.text)
    __rt_heap_escrow$2region                 0x08000293   Thumb Code     2  heapauxi.o(.text)
    __rt_heap_expand$2region                 0x08000295   Thumb Code     2  heapauxi.o(.text)
    __user_setup_stackheap                   0x08000297   Thumb Code    62  sys_stackheap_outer.o(.text)
    exit                                     0x080002d5   Thumb Code    16  exit.o(.text)
    __user_libspace                          0x080002e5   Thumb Code     8  libspace.o(.text)
    __user_perproc_libspace                  0x080002e5   Thumb Code     0  libspace.o(.text)
    __user_perthread_libspace                0x080002e5   Thumb Code     0  libspace.o(.text)
    _sys_exit                                0x080002ed   Thumb Code     8  sys_exit.o(.text)
    __I$use$semihosting                      0x080002f9   Thumb Code     0  use_no_semi.o(.text)
    __use_no_semihosting_swi                 0x080002f9   Thumb Code     2  use_no_semi.o(.text)
    __aeabi_llsr                             0x080002fb   Thumb Code    34  llushr.o(.text)
    __semihosting_library_function           0x080002fb   Thumb Code     0  indicate_semi.o(.text)
    _ll_ushift_r                             0x080002fb   Thumb Code     0  llushr.o(.text)
    __aeabi_memcpy                           0x0800031d   Thumb Code   130  rt_memcpy.o(.text)
    __rt_memcpy                              0x0800031d   Thumb Code     0  rt_memcpy.o(.text)
    __aeabi_memmove4                         0x0800039f   Thumb Code    70  rt_memmove.o(.text)
    __aeabi_memmove8                         0x0800039f   Thumb Code     0  rt_memmove.o(.text)
    __aeabi_memmove                          0x080003e5   Thumb Code    80  rt_memmove.o(.text)
    __rt_memmove                             0x080003e5   Thumb Code     0  rt_memmove.o(.text)
    __aeabi_memset                           0x08000435   Thumb Code    18  aeabi_memset.o(.text)
    __aeabi_memset4                          0x08000447   Thumb Code    18  aeabi_memset4.o(.text)
    __aeabi_memset8                          0x08000447   Thumb Code     0  aeabi_memset4.o(.text)
    _memset_w                                0x08000459   Thumb Code    26  rt_memclr.o(.text)
    _memset                                  0x08000473   Thumb Code    30  rt_memclr.o(.text)
    __aeabi_memclr                           0x08000491   Thumb Code     4  rt_memclr.o(.text)
    __rt_memclr                              0x08000491   Thumb Code     0  rt_memclr.o(.text)
    __aeabi_memclr4                          0x08000495   Thumb Code     0  rt_memclr.o(.text)
    __aeabi_memclr8                          0x08000495   Thumb Code     0  rt_memclr.o(.text)
    __rt_memclr_w                            0x08000495   Thumb Code     4  rt_memclr.o(.text)
    __aeabi_uidiv                            0x08000499   Thumb Code     0  aeabi_sdiv.o(.text)
    __aeabi_uidivmod                         0x08000499   Thumb Code    20  aeabi_sdiv.o(.text)
    __aeabi_idiv                             0x080004ad   Thumb Code     0  aeabi_sdiv.o(.text)
    __aeabi_idivmod                          0x080004ad   Thumb Code   338  aeabi_sdiv.o(.text)
    DMA1_Channel2_3_IRQHandler               0x08000605   Thumb Code    16  lto-llvm-77f420.o(.text.DMA1_Channel2_3_IRQHandler)
    EXTI2_3_IRQHandler                       0x0800063d   Thumb Code   192  lto-llvm-77f420.o(.text.EXTI2_3_IRQHandler)
    HardFault_Handler                        0x0800118b   Thumb Code     2  lto-llvm-77f420.o(.text.HardFault_Handler)
    NMI_Handler                              0x08001243   Thumb Code     2  lto-llvm-77f420.o(.text.NMI_Handler)
    PendSV_Handler                           0x08001245   Thumb Code     2  lto-llvm-77f420.o(.text.PendSV_Handler)
    SVC_Handler                              0x080013d1   Thumb Code     2  lto-llvm-77f420.o(.text.SVC_Handler)
    SysTick_Handler                          0x080013d5   Thumb Code    12  lto-llvm-77f420.o(.text.SysTick_Handler)
    SystemInit                               0x080013e5   Thumb Code     2  lto-llvm-77f420.o(.text.SystemInit)
    USART1_IRQHandler                        0x080015f1   Thumb Code   772  lto-llvm-77f420.o(.text.USART1_IRQHandler)
    main                                     0x08001d69   Thumb Code  2316  lto-llvm-77f420.o(.text.main)
    Region$$Table$$Base                      0x08002fc4   Number         0  anon$$obj.o(Region$$Table)
    Region$$Table$$Limit                     0x08002fe4   Number         0  anon$$obj.o(Region$$Table)
    __libspace_start                         0x20000020   Data          96  libspace.o(.bss)
    __temporary_stack_top$libspace           0x20000080   Data           0  libspace.o(.bss)



==============================================================================

Memory Map of the image

  Image Entry point : 0x080000b1

  Load Region LR_IROM1 (Base: 0x08000000, Size: 0x00003008, Max: 0x00004000, ABSOLUTE)

    Execution Region ER_IROM1 (Exec base: 0x08000000, Load base: 0x08000000, Size: 0x00002fe4, Max: 0x00004000, ABSOLUTE)

    Exec Addr    Load Addr    Size         Type   Attr      Idx    E Section Name        Object

    0x08000000   0x08000000   0x000000b0   Data   RO            3    RESET               startup_stm32f030x6.o
    0x080000b0   0x080000b0   0x00000008   Code   RO           51  * !!!main             c_p.l(__main.o)
    0x080000b8   0x080000b8   0x0000003c   Code   RO          405    !!!scatter          c_p.l(__scatter.o)
    0x080000f4   0x080000f4   0x0000001a   Code   RO          407    !!handler_copy      c_p.l(__scatter_copy.o)
    0x0800010e   0x0800010e   0x00000002   PAD
    0x08000110   0x08000110   0x0000001c   Code   RO          409    !!handler_zi        c_p.l(__scatter_zi.o)
    0x0800012c   0x0800012c   0x00000002   Code   RO           79    .ARM.Collect$$libinit$$00000000  c_p.l(libinit.o)
    0x0800012e   0x0800012e   0x00000000   Code   RO           87    .ARM.Collect$$libinit$$00000002  c_p.l(libinit2.o)
    0x0800012e   0x0800012e   0x00000000   Code   RO           89    .ARM.Collect$$libinit$$00000004  c_p.l(libinit2.o)
    0x0800012e   0x0800012e   0x00000000   Code   RO           91    .ARM.Collect$$libinit$$00000006  c_p.l(libinit2.o)
    0x0800012e   0x0800012e   0x00000000   Code   RO           94    .ARM.Collect$$libinit$$0000000C  c_p.l(libinit2.o)
    0x0800012e   0x0800012e   0x00000000   Code   RO           96    .ARM.Collect$$libinit$$0000000E  c_p.l(libinit2.o)
    0x0800012e   0x0800012e   0x00000000   Code   RO           98    .ARM.Collect$$libinit$$00000010  c_p.l(libinit2.o)
    0x0800012e   0x0800012e   0x00000000   Code   RO          101    .ARM.Collect$$libinit$$00000013  c_p.l(libinit2.o)
    0x0800012e   0x0800012e   0x00000000   Code   RO          103    .ARM.Collect$$libinit$$00000015  c_p.l(libinit2.o)
    0x0800012e   0x0800012e   0x00000000   Code   RO          105    .ARM.Collect$$libinit$$00000017  c_p.l(libinit2.o)
    0x0800012e   0x0800012e   0x00000000   Code   RO          107    .ARM.Collect$$libinit$$00000019  c_p.l(libinit2.o)
    0x0800012e   0x0800012e   0x00000000   Code   RO          109    .ARM.Collect$$libinit$$0000001B  c_p.l(libinit2.o)
    0x0800012e   0x0800012e   0x00000000   Code   RO          111    .ARM.Collect$$libinit$$0000001D  c_p.l(libinit2.o)
    0x0800012e   0x0800012e   0x00000000   Code   RO          113    .ARM.Collect$$libinit$$0000001F  c_p.l(libinit2.o)
    0x0800012e   0x0800012e   0x00000000   Code   RO          115    .ARM.Collect$$libinit$$00000021  c_p.l(libinit2.o)
    0x0800012e   0x0800012e   0x00000000   Code   RO          117    .ARM.Collect$$libinit$$00000023  c_p.l(libinit2.o)
    0x0800012e   0x0800012e   0x00000000   Code   RO          119    .ARM.Collect$$libinit$$00000025  c_p.l(libinit2.o)
    0x0800012e   0x0800012e   0x00000000   Code   RO          121    .ARM.Collect$$libinit$$00000027  c_p.l(libinit2.o)
    0x0800012e   0x0800012e   0x00000000   Code   RO          125    .ARM.Collect$$libinit$$0000002E  c_p.l(libinit2.o)
    0x0800012e   0x0800012e   0x00000000   Code   RO          127    .ARM.Collect$$libinit$$00000030  c_p.l(libinit2.o)
    0x0800012e   0x0800012e   0x00000000   Code   RO          129    .ARM.Collect$$libinit$$00000032  c_p.l(libinit2.o)
    0x0800012e   0x0800012e   0x00000000   Code   RO          131    .ARM.Collect$$libinit$$00000034  c_p.l(libinit2.o)
    0x0800012e   0x0800012e   0x00000002   Code   RO          132    .ARM.Collect$$libinit$$00000035  c_p.l(libinit2.o)
    0x08000130   0x08000130   0x00000002   Code   RO          154    .ARM.Collect$$libshutdown$$00000000  c_p.l(libshutdown.o)
    0x08000132   0x08000132   0x00000000   Code   RO          169    .ARM.Collect$$libshutdown$$00000002  c_p.l(libshutdown2.o)
    0x08000132   0x08000132   0x00000000   Code   RO          171    .ARM.Collect$$libshutdown$$00000004  c_p.l(libshutdown2.o)
    0x08000132   0x08000132   0x00000000   Code   RO          174    .ARM.Collect$$libshutdown$$00000007  c_p.l(libshutdown2.o)
    0x08000132   0x08000132   0x00000000   Code   RO          177    .ARM.Collect$$libshutdown$$0000000A  c_p.l(libshutdown2.o)
    0x08000132   0x08000132   0x00000000   Code   RO          179    .ARM.Collect$$libshutdown$$0000000C  c_p.l(libshutdown2.o)
    0x08000132   0x08000132   0x00000000   Code   RO          182    .ARM.Collect$$libshutdown$$0000000F  c_p.l(libshutdown2.o)
    0x08000132   0x08000132   0x00000002   Code   RO          183    .ARM.Collect$$libshutdown$$00000010  c_p.l(libshutdown2.o)
    0x08000134   0x08000134   0x00000000   Code   RO           53    .ARM.Collect$$rtentry$$00000000  c_p.l(__rtentry.o)
    0x08000134   0x08000134   0x00000000   Code   RO           55    .ARM.Collect$$rtentry$$00000002  c_p.l(__rtentry2.o)
    0x08000134   0x08000134   0x00000006   Code   RO           67    .ARM.Collect$$rtentry$$00000004  c_p.l(__rtentry4.o)
    0x0800013a   0x0800013a   0x00000000   Code   RO           57    .ARM.Collect$$rtentry$$00000009  c_p.l(__rtentry2.o)
    0x0800013a   0x0800013a   0x00000004   Code   RO           58    .ARM.Collect$$rtentry$$0000000A  c_p.l(__rtentry2.o)
    0x0800013e   0x0800013e   0x00000000   Code   RO           60    .ARM.Collect$$rtentry$$0000000C  c_p.l(__rtentry2.o)
    0x0800013e   0x0800013e   0x00000008   Code   RO           61    .ARM.Collect$$rtentry$$0000000D  c_p.l(__rtentry2.o)
    0x08000146   0x08000146   0x00000002   Code   RO           84    .ARM.Collect$$rtexit$$00000000  c_p.l(rtexit.o)
    0x08000148   0x08000148   0x00000000   Code   RO          134    .ARM.Collect$$rtexit$$00000002  c_p.l(rtexit2.o)
    0x08000148   0x08000148   0x00000004   Code   RO          135    .ARM.Collect$$rtexit$$00000003  c_p.l(rtexit2.o)
    0x0800014c   0x0800014c   0x00000006   Code   RO          136    .ARM.Collect$$rtexit$$00000004  c_p.l(rtexit2.o)
    0x08000152   0x08000152   0x00000002   PAD
    0x08000154   0x08000154   0x00000038   Code   RO          377    .emb_text           c_p.l(rt_memcpy.o)
    0x0800018c   0x0800018c   0x00000038   Code   RO            4    .text               startup_stm32f030x6.o
    0x080001c4   0x080001c4   0x00000044   Code   RO           45    .text               c_p.l(strlen.o)
    0x08000208   0x08000208   0x00000088   Code   RO           47    .text               c_p.l(strcmp.o)
    0x08000290   0x08000290   0x00000006   Code   RO           49    .text               c_p.l(heapauxi.o)
    0x08000296   0x08000296   0x0000003e   Code   RO           69    .text               c_p.l(sys_stackheap_outer.o)
    0x080002d4   0x080002d4   0x00000010   Code   RO           72    .text               c_p.l(exit.o)
    0x080002e4   0x080002e4   0x00000008   Code   RO           80    .text               c_p.l(libspace.o)
    0x080002ec   0x080002ec   0x0000000c   Code   RO          144    .text               c_p.l(sys_exit.o)
    0x080002f8   0x080002f8   0x00000002   Code   RO          159    .text               c_p.l(use_no_semi.o)
    0x080002fa   0x080002fa   0x00000000   Code   RO          161    .text               c_p.l(indicate_semi.o)
    0x080002fa   0x080002fa   0x00000022   Code   RO          375    .text               c_p.l(llushr.o)
    0x0800031c   0x0800031c   0x00000082   Code   RO          378    .text               c_p.l(rt_memcpy.o)
    0x0800039e   0x0800039e   0x00000096   Code   RO          381    .text               c_p.l(rt_memmove.o)
    0x08000434   0x08000434   0x00000012   Code   RO          383    .text               c_p.l(aeabi_memset.o)
    0x08000446   0x08000446   0x00000012   Code   RO          385    .text               c_p.l(aeabi_memset4.o)
    0x08000458   0x08000458   0x00000040   Code   RO          387    .text               c_p.l(rt_memclr.o)
    0x08000498   0x08000498   0x0000016c   Code   RO          389    .text               c_p.l(aeabi_sdiv.o)
    0x08000604   0x08000604   0x00000018   Code   RO          251    .text.DMA1_Channel2_3_IRQHandler  lto-llvm-77f420.o
    0x0800061c   0x0800061c   0x00000020   Code   RO          361    .text.EE_PageAddress  lto-llvm-77f420.o
    0x0800063c   0x0800063c   0x000000cc   Code   RO          249    .text.EXTI2_3_IRQHandler  lto-llvm-77f420.o
    0x08000708   0x08000708   0x00000008   Code   RO          237    .text.Error_Handler  lto-llvm-77f420.o
    0x08000710   0x08000710   0x00000074   Code   RO          271    .text.FLASH_WaitForLastOperation  lto-llvm-77f420.o
    0x08000784   0x08000784   0x0000008c   Code   RO          269    .text.HAL_DMA_IRQHandler  lto-llvm-77f420.o
    0x08000810   0x08000810   0x00000078   Code   RO          265    .text.HAL_DMA_Init  lto-llvm-77f420.o
    0x08000888   0x08000888   0x0000007c   Code   RO          267    .text.HAL_DMA_Start_IT  lto-llvm-77f420.o
    0x08000904   0x08000904   0x00000014   Code   RO          261    .text.HAL_Delay     lto-llvm-77f420.o
    0x08000918   0x08000918   0x00000020   Code   RO          273    .text.HAL_FLASH_Unlock  lto-llvm-77f420.o
    0x08000938   0x08000938   0x0000016c   Code   RO          263    .text.HAL_GPIO_Init  lto-llvm-77f420.o
    0x08000aa4   0x08000aa4   0x00000048   Code   RO          259    .text.HAL_InitTick  lto-llvm-77f420.o
    0x08000aec   0x08000aec   0x00000024   Code   RO          257    .text.HAL_RCC_GetPCLK1Freq  lto-llvm-77f420.o
    0x08000b10   0x08000b10   0x00000064   Code   RO          255    .text.HAL_RCC_GetSysClockFreq  lto-llvm-77f420.o
    0x08000b74   0x08000b74   0x00000198   Code   RO          283    .text.HAL_SPI_Receive  lto-llvm-77f420.o
    0x08000d0c   0x08000d0c   0x00000130   Code   RO          275    .text.HAL_SPI_Transmit  lto-llvm-77f420.o
    0x08000e3c   0x08000e3c   0x00000218   Code   RO          285    .text.HAL_SPI_TransmitReceive  lto-llvm-77f420.o
    0x08001054   0x08001054   0x000000e8   Code   RO          303    .text.HAL_UARTEx_ReceiveToIdle_DMA  lto-llvm-77f420.o
    0x0800113c   0x0800113c   0x00000044   Code   RO          221    .text.HAL_UARTEx_RxEventCallback  lto-llvm-77f420.o
    0x08001180   0x08001180   0x0000000a   Code   RO          219    .text.HAL_UART_TxCpltCallback  lto-llvm-77f420.o
    0x0800118a   0x0800118a   0x00000002   Code   RO          241    .text.HardFault_Handler  lto-llvm-77f420.o
    0x0800118c   0x0800118c   0x00000030   Code   RO          357    .text.LFBB_ReadAcquire  lto-llvm-77f420.o
    0x080011bc   0x080011bc   0x0000001c   Code   RO          359    .text.LFBB_ReadRelease  lto-llvm-77f420.o
    0x080011d8   0x080011d8   0x0000003c   Code   RO          353    .text.LFBB_WriteAcquireAlt  lto-llvm-77f420.o
    0x08001214   0x08001214   0x0000002e   Code   RO          355    .text.LFBB_WriteRelease  lto-llvm-77f420.o
    0x08001242   0x08001242   0x00000002   Code   RO          239    .text.NMI_Handler   lto-llvm-77f420.o
    0x08001244   0x08001244   0x00000002   Code   RO          245    .text.PendSV_Handler  lto-llvm-77f420.o
    0x08001246   0x08001246   0x00000002   PAD
    0x08001248   0x08001248   0x00000040   Code   RO          277    .text.SPI_EndRxTxTransaction  lto-llvm-77f420.o
    0x08001288   0x08001288   0x000000b0   Code   RO          279    .text.SPI_WaitFifoStateUntilTimeout  lto-llvm-77f420.o
    0x08001338   0x08001338   0x00000098   Code   RO          281    .text.SPI_WaitFlagStateUntilTimeout  lto-llvm-77f420.o
    0x080013d0   0x080013d0   0x00000002   Code   RO          243    .text.SVC_Handler   lto-llvm-77f420.o
    0x080013d2   0x080013d2   0x00000002   PAD
    0x080013d4   0x080013d4   0x00000010   Code   RO          247    .text.SysTick_Handler  lto-llvm-77f420.o
    0x080013e4   0x080013e4   0x00000002   Code   RO          305    .text.SystemInit    lto-llvm-77f420.o
    0x080013e6   0x080013e6   0x00000010   Code   RO          301    .text.UART_DMAAbortOnError  lto-llvm-77f420.o
    0x080013f6   0x080013f6   0x0000005c   Code   RO          295    .text.UART_DMAError  lto-llvm-77f420.o
    0x08001452   0x08001452   0x00000086   Code   RO          297    .text.UART_DMAReceiveCplt  lto-llvm-77f420.o
    0x080014d8   0x080014d8   0x0000001a   Code   RO          299    .text.UART_DMARxHalfCplt  lto-llvm-77f420.o
    0x080014f2   0x080014f2   0x00000046   Code   RO          291    .text.UART_DMATransmitCplt  lto-llvm-77f420.o
    0x08001538   0x08001538   0x00000002   Code   RO          293    .text.UART_DMATxHalfCplt  lto-llvm-77f420.o
    0x0800153a   0x0800153a   0x0000005a   Code   RO          289    .text.UART_EndRxTransfer  lto-llvm-77f420.o
    0x08001594   0x08001594   0x0000005c   Code   RO          287    .text.UART_WaitOnFlagUntilTimeout  lto-llvm-77f420.o
    0x080015f0   0x080015f0   0x00000314   Code   RO          253    .text.USART1_IRQHandler  lto-llvm-77f420.o
    0x08001904   0x08001904   0x000000c0   Code   RO          231    .text.USART_BRR_Configuration  lto-llvm-77f420.o
    0x080019c4   0x080019c4   0x0000001c   Code   RO          229    .text.__NVIC_SystemReset  lto-llvm-77f420.o
    0x080019e0   0x080019e0   0x00000030   Code   RO          335    .text.block_calc_sumcheck  lto-llvm-77f420.o
    0x08001a10   0x08001a10   0x00000058   Code   RO          325    .text.block_err     lto-llvm-77f420.o
    0x08001a68   0x08001a68   0x00000044   Code   RO          345    .text.find_key      lto-llvm-77f420.o
    0x08001aac   0x08001aac   0x00000028   Code   RO          347    .text.find_last_key  lto-llvm-77f420.o
    0x08001ad4   0x08001ad4   0x00000028   Code   RO          341    .text.get_next_key  lto-llvm-77f420.o
    0x08001afc   0x08001afc   0x0000021c   Code   RO          227    .text.handle_uart_command  lto-llvm-77f420.o
    0x08001d18   0x08001d18   0x0000001c   Code   RO          327    .text.init_block    lto-llvm-77f420.o
    0x08001d34   0x08001d34   0x00000034   Code   RO          333    .text.init_temp     lto-llvm-77f420.o
    0x08001d68   0x08001d68   0x00000964   Code   RO          235    .text.main          lto-llvm-77f420.o
    0x080026cc   0x080026cc   0x000000d0   Code   RO          343    .text.mf_add_key    lto-llvm-77f420.o
    0x0800279c   0x0800279c   0x000000c4   Code   RO          329    .text.mf_erase      lto-llvm-77f420.o
    0x08002860   0x08002860   0x00000020   Code   RO          339    .text.mf_purge      lto-llvm-77f420.o
    0x08002880   0x08002880   0x0000003c   Code   RO          337    .text.mf_save       lto-llvm-77f420.o
    0x080028bc   0x080028bc   0x00000114   Code   RO          349    .text.mf_set_key    lto-llvm-77f420.o
    0x080029d0   0x080029d0   0x00000048   Code   RO          351    .text.mf_sync_key   lto-llvm-77f420.o
    0x08002a18   0x08002a18   0x000000fc   Code   RO          331    .text.mf_write      lto-llvm-77f420.o
    0x08002b14   0x08002b14   0x0000020c   Code   RO          225    .text.nrf24l01_init  lto-llvm-77f420.o
    0x08002d20   0x08002d20   0x00000012   Code   RO          319    .text.nrf24l01p_clear_max_rt  lto-llvm-77f420.o
    0x08002d32   0x08002d32   0x00000012   Code   RO          321    .text.nrf24l01p_clear_tx_ds  lto-llvm-77f420.o
    0x08002d44   0x08002d44   0x0000001c   Code   RO          317    .text.nrf24l01p_flush_tx_fifo  lto-llvm-77f420.o
    0x08002d60   0x08002d60   0x0000000a   Code   RO          315    .text.nrf24l01p_get_fifo_status  lto-llvm-77f420.o
    0x08002d6a   0x08002d6a   0x00000002   PAD
    0x08002d6c   0x08002d6c   0x00000020   Code   RO          323    .text.nrf24l01p_get_status  lto-llvm-77f420.o
    0x08002d8c   0x08002d8c   0x00000024   Code   RO          307    .text.nrf24l01p_rx_mode  lto-llvm-77f420.o
    0x08002db0   0x08002db0   0x00000016   Code   RO          233    .text.nrf_tx_callback  lto-llvm-77f420.o
    0x08002dc6   0x08002dc6   0x00000002   PAD
    0x08002dc8   0x08002dc8   0x0000002c   Code   RO          309    .text.read_register  lto-llvm-77f420.o
    0x08002df4   0x08002df4   0x00000090   Code   RO          223    .text.uart_send_packet  lto-llvm-77f420.o
    0x08002e84   0x08002e84   0x000000dc   Code   RO          217    .text.uart_tx_exchange  lto-llvm-77f420.o
    0x08002f60   0x08002f60   0x00000010   Code   RO          311    .text.write_register  lto-llvm-77f420.o
    0x08002f70   0x08002f70   0x0000002c   Code   RO          313    .text.write_register_multi  lto-llvm-77f420.o
    0x08002f9c   0x08002f9c   0x00000010   Data   RO          366    .rodata.cst16       lto-llvm-77f420.o
    0x08002fac   0x08002fac   0x00000015   Data   RO          364    .rodata.str1.1      lto-llvm-77f420.o
    0x08002fc1   0x08002fc1   0x00000003   PAD
    0x08002fc4   0x08002fc4   0x00000020   Data   RO          404    Region$$Table       anon$$obj.o


    Execution Region RW_IRAM1 (Exec base: 0x20000000, Load base: 0x08002fe8, Size: 0x00000f98, Max: 0x00001000, ABSOLUTE)

    Exec Addr    Load Addr    Size         Type   Attr      Idx    E Section Name        Object

    0x20000000   0x08002fe8   0x0000001c   Data   RW          367    .data               lto-llvm-77f420.o
    0x2000001c   0x08003004   0x00000004   PAD
    0x20000020        -       0x00000060   Zero   RW           81    .bss                c_p.l(libspace.o)
    0x20000080        -       0x00000918   Zero   RW          363    .bss                lto-llvm-77f420.o
    0x20000998        -       0x00000200   Zero   RW            2    HEAP                startup_stm32f030x6.o
    0x20000b98        -       0x00000400   Zero   RW            1    STACK               startup_stm32f030x6.o


==============================================================================

Image component sizes


      Code (inc. data)   RO Data    RW Data    ZI Data      Debug   Object Name

     10640        688         37         28       2328      83817   lto-llvm-77f420.o
        56         26        176          0       1536        616   startup_stm32f030x6.o

    ----------------------------------------------------------------------
     10704        714        248         28       3868      84433   Object Totals
         0          0         32          0          0          0   (incl. Generated)
         8          0          3          0          4          0   (incl. Padding)

    ----------------------------------------------------------------------

      Code (inc. data)   RO Data    RW Data    ZI Data      Debug   Library Member Name

         8          0          0          0          0         68   __main.o
         0          0          0          0          0          0   __rtentry.o
        12          0          0          0          0          0   __rtentry2.o
         6          0          0          0          0          0   __rtentry4.o
        60          8          0          0          0          0   __scatter.o
        26          0          0          0          0          0   __scatter_copy.o
        28          0          0          0          0          0   __scatter_zi.o
        18          0          0          0          0         68   aeabi_memset.o
        18          0          0          0          0         68   aeabi_memset4.o
       364          4          0          0          0         92   aeabi_sdiv.o
        16          0          0          0          0         68   exit.o
         6          0          0          0          0        136   heapauxi.o
         0          0          0          0          0          0   indicate_semi.o
         2          0          0          0          0          0   libinit.o
         2          0          0          0          0          0   libinit2.o
         2          0          0          0          0          0   libshutdown.o
         2          0          0          0          0          0   libshutdown2.o
         8          4          0          0         96         68   libspace.o
        34          0          0          0          0         68   llushr.o
        64          0          0          0          0        108   rt_memclr.o
       186          0          0          0          0        144   rt_memcpy.o
       150          0          0          0          0        104   rt_memmove.o
         2          0          0          0          0          0   rtexit.o
        10          0          0          0          0          0   rtexit2.o
       136          4          0          0          0         72   strcmp.o
        68          6          0          0          0         72   strlen.o
        12          4          0          0          0         60   sys_exit.o
        62          0          0          0          0         80   sys_stackheap_outer.o
         2          0          0          0          0         68   use_no_semi.o

    ----------------------------------------------------------------------
      1308         30          0          0         96       1344   Library Totals
         4          0          0          0          0          0   (incl. Padding)

    ----------------------------------------------------------------------

      Code (inc. data)   RO Data    RW Data    ZI Data      Debug   Library Name

      1304         30          0          0         96       1344   c_p.l

    ----------------------------------------------------------------------
      1308         30          0          0         96       1344   Library Totals

    ----------------------------------------------------------------------

==============================================================================


      Code (inc. data)   RO Data    RW Data    ZI Data      Debug   

     12012        744        248         28       3964      85229   Grand Totals
     12012        744        248         28       3964      85229   ELF Image Totals
     12012        744        248         28          0          0   ROM Totals

==============================================================================

    Total RO  Size (Code + RO Data)                12260 (  11.97kB)
    Total RW  Size (RW Data + ZI Data)              3992 (   3.90kB)
    Total ROM Size (Code + RO Data + RW Data)      12288 (  12.00kB)

==============================================================================

